06-17 16:12:01.929  1824  1974 D WindowManager: setFrameRateStart invalid typeId return!
06-17 16:12:01.929  1824  1974 I Quality : LaunchTime2.0: host.exp.exponent/.experience.ExperienceActivity 2 129 host.exp.exponent 69 -1 698252 100601 559357952 0 0
06-17 16:12:01.929  1824  1974 I WindowManager: Window{993b3b2 u0 host.exp.exponent/host.exp.exponent.experience.ExperienceActivity} state from READY_TO_SHOW to HAS_DRAWN; reason: performShowLocked
06-17 16:12:01.956  1824  2204 D InputMethodManagerService: isSecurity: attribute.packageName = host.exp.exponent mCurMethodId = com.google.android.inputmethod.latin/com.android.inputmethod.latin.LatinIME isSecurity = false ( enable = false needShow = false inBlackList = false isExist = true )
06-17 16:12:01.963  1824  2643 D WindowManager: setFrameRateStart invalid typeId return!
06-17 16:12:01.963  1824  1985 I UserAwareMgr: fg app status not changed, beforeVisible: true, currentVisible: true
06-17 16:12:01.964  1824  3004 W PackageConfigPersister: App-specific configuration not found for packageName: host.exp.exponent and userId: 0
06-17 16:12:02.211  1824  3004 D WindowManagerServiceExtImpl: extractConfigInfoAndRealFlags rotation=0, screenDp=360, residentWS:0, win=Window{84d8dd9 u0 Splash Screen host.exp.exponent}
06-17 16:12:02.211  1824  3004 V WindowManager: Relayout Window{84d8dd9 u0 Splash Screen host.exp.exponent}: viewVisibility=8, oldvis=0, req=1080x2412, vsysui=
06-17 16:12:02.212  1824  3004 D WindowManager: setFrameRateStart invalid typeId return!
06-17 16:12:02.216  1824  3004 D WindowManager: NFW_findFocusedWindowIfNeeded:Window{993b3b2 u0 host.exp.exponent/host.exp.exponent.experience.ExperienceActivity} mCurrentFocus:Window{993b3b2 u0 host.exp.exponent/host.exp.exponent.experience.ExperienceActivity}
06-17 16:12:02.219  1824  3004 D CoreBackPreview: Window{84d8dd9 u0 Splash Screen host.exp.exponent EXITING}: Setting back callback null
06-17 16:12:02.220  1824  3004 D WindowManager: NFW_findFocusedWindowIfNeeded:Window{993b3b2 u0 host.exp.exponent/host.exp.exponent.experience.ExperienceActivity} mCurrentFocus:Window{993b3b2 u0 host.exp.exponent/host.exp.exponent.experience.ExperienceActivity}
06-17 16:12:02.225  1824  1975 D SurfaceAnimationRunner: onAnimationStart:Surface(name=Surface(name=84d8dd9 Splash Screen host.exp.exponent)/@0xb0a46ba - animation-leash of window_animation)/@0x2c8f96b
06-17 16:12:02.390  1824  1975 D SurfaceAnimationRunner: onAnimationEnd:Surface(name=Surface(name=84d8dd9 Splash Screen host.exp.exponent)/@0xb0a46ba - animation-leash of window_animation)/@0x2c8f96b
06-17 16:12:02.390  1824  1974 I WindowStateExtImpl: onSurfaceShowChange show = false mPackageName = host.exp.exponent parentPkgName = host.exp.exponent
06-17 16:12:02.390  1824  1974 I WindowManager: Window{84d8dd9 u0 Splash Screen host.exp.exponent EXITING} state from HAS_DRAWN to NO_SURFACE; reason: destroySurface
06-17 16:12:02.394  1824  1985 W UserAwareMgr: event can not be released, id: 5005, count: 3, releasePid: 1824
06-17 16:12:02.465  1824  1985 I UserAwareMgr: fg app status not changed, beforeVisible: true, currentVisible: true
06-17 16:12:02.523  2459  2512 V WindowManagerShell: Transition animation finished (aborted=false), notifying core (#3050) android.os.BinderProxy@f701305@0
06-17 16:12:02.523  2459  2512 D SplitScreen-->AppLockManager: setStartFromSafeControl mStartFromSafeControl=false
06-17 16:12:02.526  1824  2766 D Transition: finishTransition ar ActivityRecord{5f10733 u0 host.exp.exponent/.experience.ExperienceActivity t2119}, isVisibleRequested=true, state=RESUMED, visibleAtTransitionEndTokens={ActivityRecord{5f10733 u0 host.exp.exponent/.experience.ExperienceActivity t2119}}, this=TransitionRecord{f41556f id=3050 track=0 type=CLOSE flags=0x0 state=2}
06-17 16:12:02.526  1824  2766 D Transition: finishTransition ar ActivityRecord{e491aaa u0 host.exp.exponent/.experience.ExperienceActivity t2118 f}}, isVisibleRequested=false, state=STOPPING, visibleAtTransitionEndTokens={ActivityRecord{5f10733 u0 host.exp.exponent/.experience.ExperienceActivity t2119}}, this=TransitionRecord{f41556f id=3050 track=0 type=CLOSE flags=0x0 state=2}
06-17 16:12:02.526  1824  2766 D ActivityTaskManager: commitVisibility: ActivityRecord{e491aaa u0 host.exp.exponent/.experience.ExperienceActivity t2118 f}}: visible=false visibleRequested=false, isInTransition=false, runningAnimation=false 
06-17 16:12:02.526  1824  2766 D WindowManager: NFW_setClientVisible:ActivityRecord{e491aaa u0 host.exp.exponent/.experience.ExperienceActivity t2118 f}} clientVisible:false
06-17 16:12:02.527  1824  2766 I OplusAppSwitchManagerService:  handleAppVisible , r = ActivityRecord{5f10733 u0 host.exp.exponent/.experience.ExperienceActivity t2119}
06-17 16:12:02.528  1824  2766 D OplusTransitionController: finishTransition, transition: TransitionRecord{f41556f id=3050 track=0 type=CLOSE flags=0x0 state=4}
06-17 16:12:02.528  1824  2766 D TransitionController: NFW_send RECOMPUTE_FOCUS in finishTransition
06-17 16:12:02.528  2459  2512 D ShellTaskOrganizer: onTransitionFinish, isRecent:false
06-17 16:12:02.528  2459  2512 V WindowManagerShell: Track 0 became idle
06-17 16:12:02.530  1824  1985 W UserAwareMgr: event can not be released, id: 5005, count: 2, releasePid: 1824
06-17 16:12:02.530  1824  1973 D WindowManager: NFW_findFocusedWindowIfNeeded:Window{993b3b2 u0 host.exp.exponent/host.exp.exponent.experience.ExperienceActivity} mCurrentFocus:Window{993b3b2 u0 host.exp.exponent/host.exp.exponent.experience.ExperienceActivity}
06-17 16:12:02.531  1824  3004 W UserManagerService: Requested status bar icon for non-badged user 0
06-17 16:12:02.533  1824  2766 W UserManagerService: Requested status bar icon for non-badged user 0
06-17 16:12:02.542  1824  1974 I TaskOrganizerController: onTaskInfoChanged taskid 2118 config { mBounds=Rect(0, 0 - 1080, 2412) mAppBounds=Rect(0, 0 - 1080, 2412) mMaxBounds=Rect(0, 0 - 1080, 2412) mDisplayRotation=ROTATION_0 mWindowingMode=fullscreen mActivityType=standard mAlwaysOnTop=undefined mRotation=ROTATION_0}
06-17 16:12:02.542  1824  1974 D OplusFlexibleWindowMinimizedManagerHelper: onTaskInfoChanged taskInfo:TaskInfo{userId=0 taskId=2118 displayId=0 isRunning=false baseIntent=Intent { flg=0x1c080000 cmp=host.exp.exponent/.experience.ExperienceActivity mCallingUid=10419 } baseActivity=null topActivity=null origActivity=null realActivity=ComponentInfo{host.exp.exponent/host.exp.exponent.experience.ExperienceActivity} numActivities=0 lastActiveTime=154163319 supportsSplitScreenMultiWindow=true supportsMultiWindow=true supportsPocketStudioMultiWindow=true isInFlexibleEmbedded = false uid = -1 pid = -1 resizeMode=1 isResizeable=true minWidth=-1 minHeight=-1 defaultMinSize=220 token=WCT{RemoteToken{5a3360a Task{d764a38 #2118 type=standard A=10419:host.exp.exponent}}} topActivityType=1 pictureInPictureParams=null shouldDockBigOverlays=false launchIntoPipHostTaskId=-1 lastParentTaskIdBeforePip=-1 displayCutoutSafeInsets=Rect(0, 107 - 0, 0) topActivityInfo=null launchCookies=[] positionInParent=Point(0, 0) parentTaskId=-1 isFocused=false isVisible=false isVisibleRequested=false isSleeping=false locusId=null displayAreaFeatureId=1 isTopActivityTransparent=false appCompatTaskInfo=AppCompatTaskInfo { topActivityInSizeCompat=false topActivityInOplusCompatMode=false topActivityEligibleForLetterboxEducation= falseisLetterboxEducationEnabled= false isLetterboxDoubleTapEnabled= false topActivityEligibleForUserAspectRatioButton= false topActivityBoundsLetterboxed= false isFromLetterboxDoubleTap= false topActivityLetterboxVerticalPosition= -1 topActivityLetterboxHorizontalPosition= -1 topActivityLetterboxWidth=-1 topActivityLetterboxHeight=-1 isUserFullscreenOverrideEnabled=false isSystemFullscreenOverrideEnabled=false cameraCompatTaskInfo=CameraCompatTaskInfo { cameraCompatControlState=hidden freeformCameraCompatMode=inactive}} topActivityLetterboxInsets=Rect(0, 0 - 0, 0) mOplusExtraBundle = Bundle[{androidx.flexible.taskFrame=Rect(0, 0 - 0, 0), key_flexible_task_state=0, androidx.activity.LaunchScenario=0, androidx.activity.LaunchScale=1.0}]} task:Task{d764a38 #2118 type=standard A=10419:host.exp.exponent}
06-17 16:12:02.542  1824  1974 D OplusFlexibleDragToSplitAnimController: visibleFlexibleTaskInfos delete:2118
06-17 16:12:02.565  1824  3004 V WindowManager: Relayout Window{99c602 u0 PopupWindow:c08c99f}: viewVisibility=8, oldvis=0, req=1080x109, vsysui=
06-17 16:12:02.567  1824  3004 D WindowManager: NFW_findFocusedWindowIfNeeded:Window{993b3b2 u0 host.exp.exponent/host.exp.exponent.experience.ExperienceActivity} mCurrentFocus:Window{993b3b2 u0 host.exp.exponent/host.exp.exponent.experience.ExperienceActivity}
06-17 16:12:02.576  1824  3004 D CoreBackPreview: Window{39e1cbd u0 host.exp.exponent/host.exp.exponent.experience.ExperienceActivity}: Setting back callback null
06-17 16:12:02.584  1824  2766 I WindowManager: Window{39e1cbd u0 host.exp.exponent/host.exp.exponent.experience.ExperienceActivity} state from HAS_DRAWN to NO_SURFACE; reason: destroySurface
06-17 16:12:02.584  1824  2766 I WindowManager: Window{99c602 u0 PopupWindow:c08c99f} state from HAS_DRAWN to NO_SURFACE; reason: destroySurface
06-17 16:12:02.588  1824  2766 D WindowManager: NFW_findFocusedWindowIfNeeded:Window{993b3b2 u0 host.exp.exponent/host.exp.exponent.experience.ExperienceActivity} mCurrentFocus:Window{993b3b2 u0 host.exp.exponent/host.exp.exponent.experience.ExperienceActivity}
06-17 16:12:02.592  1824  2511 W WindowManager: Failed looking up window session=Session{e58c20a 792:u0a10419} callers=com.android.server.wm.WindowManagerService.removeClientToken:2214 com.android.server.wm.Session.remove:292 android.view.IWindowSession$Stub.onTransact:685 
06-17 16:12:02.594  1824  2643 W WindowManager: Failed looking up window session=Session{e58c20a 792:u0a10419} callers=com.android.server.wm.WindowManagerService.windowForClientLocked:6799 com.android.server.wm.Session.setOnBackInvokedCallbackInfo:1064 android.view.IWindowSession$Stub.onTransact:1199 
06-17 16:12:02.594  1824  2643 I WindowManager: setOnBackInvokedCallback(): No window state for package:host.exp.exponent
06-17 16:12:02.596  1824  2766 D SnapshotCache: removeRunningEntry id: 2118, callers=com.android.server.wm.SnapshotCache.onAppRemoved:80 com.android.server.wm.AbsAppSnapshotController.onAppRemoved:677 com.android.server.wm.SnapshotController.onAppRemoved:69 
06-17 16:12:02.596  1824  2766 D ActivityTaskManager: removeAppToken: ActivityRecord{e491aaa u0 host.exp.exponent/.experience.ExperienceActivity t2118 f}} delayed=false parent=Task{d764a38 #2118 type=standard A=10419:host.exp.exponent} animating=false Callers=com.android.server.wm.DisplayContent.removeAppToken:1734 com.android.server.wm.ActivityRecord.removeFromHistory:5062 com.android.server.wm.ActivityRecord.destroyed:5148 com.android.server.wm.ActivityClientController.activityDestroyed:337 
06-17 16:12:02.598  1824  2766 D OplusMirageWindowManagerService: onTaskRemoved displayid:0 taskId:2118 callers:com.android.server.wm.MirageWindowManagerExtImpl.onTaskRemoved:47 com.android.server.wm.TaskDisplayArea.removeChildTask:394 com.android.server.wm.TaskDisplayArea.removeChild:383 com.android.server.wm.WindowContainer.removeImmediately:1017 com.android.server.wm.TaskFragment.removeImmediately:3644 
06-17 16:12:02.598  1824  2766 I OplusScreenSecurityMask: onStackRemoved task = Task{d764a38 #2118 type=standard A=10419:host.exp.exponent} record = null displayId = 0
06-17 16:12:02.598  1824  2766 D ActivityTaskManager: notifyTaskRemoved, task: Task{d764a38 #2118 type=standard A=10419:host.exp.exponent} trace:com.android.server.wm.RecentTasks.remove:1485 com.android.server.wm.Task.cleanUpResourcesForDestroy:779 com.android.server.wm.Task.onParentChanged:1212 com.android.server.wm.WindowContainer.setParent:713 com.android.server.wm.WindowContainer.removeChild:951 
06-17 16:12:02.604  1824  1974 D OplusFlexibleWindowMinimizedManagerHelper: onTaskVanished taskInfo:2118 task:Task{d764a38 #2118 type=standard A=10419:host.exp.exponent}
06-17 16:12:02.604  1824  1974 D OplusFlexibleDragToSplitAnimController: visibleFlexibleTaskInfos delete:2118
06-17 16:12:02.604  1824  1974 D FlexibleTaskController: no need releaseFlexibleCaptionView or destroyFlexibleDragLeash when non-caption-view-task vanished, task=Task{d764a38 #2118 type=standard A=10419:host.exp.exponent}
06-17 16:12:02.604  1824  1974 D FlexibleWindowManagerService: notifyFlexibleTaskVanish taskId : 2118 is not taskEmbedded
06-17 16:12:02.604  1824  1974 D FlexibleWindowManagerService: onFlexibleWindowTaskVanished: task = 2118,size:0
06-17 16:12:02.604  1824  1974 D OplusFlexibleWindowMinimizedManagerHelper: onTaskVanished taskInfo:2118 task:Task{d764a38 #2118 type=standard A=10419:host.exp.exponent}
06-17 16:12:02.604  1824  1974 D OplusFlexibleDragToSplitAnimController: visibleFlexibleTaskInfos delete:2118
06-17 16:12:02.604  1824  1974 D FlexibleTaskController: no need releaseFlexibleCaptionView or destroyFlexibleDragLeash when non-caption-view-task vanished, task=Task{d764a38 #2118 type=standard A=10419:host.exp.exponent}
06-17 16:12:02.604  1824  1974 D FlexibleWindowManagerService: notifyFlexibleTaskVanish taskId : 2118 is not taskEmbedded
06-17 16:12:02.604  1824  1974 D FlexibleWindowManagerService: onFlexibleWindowTaskVanished: task = 2118,size:0
06-17 16:12:02.611   792   792 D VRI[ExperienceActivity]: relayoutWindow result, sizeChanged:false, surfaceControlChanged:false, transformHintChanged:false, mSurfaceSize:Point(1080, 2412), mLastSurfaceSize:Point(1080, 2412), mWidth:1080, mHeight:2412, requestedWidth:1080, requestedHeight:2412, transformHint:0, installOrientation:0, displayRotation:0, isSurfaceValid:true, attr.flag:-2122249984, tmpFrames:ClientWindowFrames{frame=[0,0][1080,2412] display=[0,0][1080,2412] parentFrame=[0,0][1080,2412]}, relayoutAsync:true, mSyncSeqId:0
06-17 16:12:02.611   792   792 W VRI[ExperienceActivity]: updateBlastSurfaceIfNeeded, surfaceSize:Point(1080, 2412), lastSurfaceSize:Point(1080, 2412), format:-1, blastBufferQueue:android.graphics.BLASTBufferQueue@6932aa0
06-17 16:12:02.611  1824  2511 D WindowManagerServiceExtImpl: extractConfigInfoAndRealFlags rotation=0, screenDp=360, residentWS:0, win=Window{993b3b2 u0 host.exp.exponent/host.exp.exponent.experience.ExperienceActivity}
06-17 16:12:02.612  1824  2511 V WindowManager: Relayout Window{993b3b2 u0 host.exp.exponent/host.exp.exponent.experience.ExperienceActivity}: viewVisibility=0, oldvis=0, req=1080x2412, vsysui=LIGHT_STATUS_BAR, x=0, y=0
06-17 16:12:02.616  1824  2766 D ActivityTaskManager: Skipping, invisible task: Task{6f9694c #5 type=home I=com.android.launcher/.Launcher}
06-17 16:12:02.616  1824  2766 D ActivityTaskManager: Skipping, invisible task: Task{56aa19b #2068 type=standard A=10159:com.google.android.youtube}
06-17 16:12:02.616  1824  2766 D ActivityTaskManager: pre-Filtered:host.exp.exponent # 
06-17 16:12:02.616  1824  2766 D ActivityTaskManager: after skip size 1
06-17 16:12:02.621  1824  1985 W UserAwareMgr: event can not be released, id: 2020, count: 2, releasePid: 2638
06-17 16:12:02.621  1824  2511 I WindowManager: addWindow: New client android.os.BinderProxy@342ab36 : window=Window{5518a37 u0 PopupWindow:7ecaff}
06-17 16:12:02.624  1824  2643 D ActivityTaskManager: Skipping, invisible task: Task{6f9694c #5 type=home I=com.android.launcher/.Launcher}
06-17 16:12:02.624  1824  2643 D ActivityTaskManager: Skipping, invisible task: Task{56aa19b #2068 type=standard A=10159:com.google.android.youtube}
06-17 16:12:02.624  1824  2643 D ActivityTaskManager: pre-Filtered:host.exp.exponent # 
06-17 16:12:02.624  1824  2643 D ActivityTaskManager: after skip size 1
06-17 16:12:02.624  1824  2798 V WindowManager: Relayout Window{5518a37 u0 PopupWindow:7ecaff}: viewVisibility=0, oldvis=0, req=1080x109, vsysui=, x=0, y=0
06-17 16:12:02.624  1824  2798 I WindowManager: Window{5518a37 u0 PopupWindow:7ecaff} state from NO_SURFACE to DRAW_PENDING; reason: resetDrawState
06-17 16:12:02.627  1824  2798 D WindowManager: NFW_findFocusedWindowIfNeeded:Window{993b3b2 u0 host.exp.exponent/host.exp.exponent.experience.ExperienceActivity} mCurrentFocus:Window{993b3b2 u0 host.exp.exponent/host.exp.exponent.experience.ExperienceActivity}
06-17 16:12:02.629  1824  2511 D CoreBackPreview: Window{5518a37 u0 PopupWindow:7ecaff}: Setting back callback OnBackInvokedCallbackInfo{mCallback=android.window.IOnBackInvokedCallback$Stub$Proxy@ab3d09, mPriority=0, mIsAnimationCallback=false}
06-17 16:12:02.635  1824  3285 I WindowManager: Window{5518a37 u0 PopupWindow:7ecaff} state from DRAW_PENDING to COMMIT_DRAW_PENDING; reason: finishDrawingLocked
06-17 16:12:02.636  1824  1974 I WindowManager: Window{5518a37 u0 PopupWindow:7ecaff} state from COMMIT_DRAW_PENDING to READY_TO_SHOW; reason: commitFinishDrawingLocked
06-17 16:12:02.636  1824  1974 D OplusAppQuickStart_AppQuickStartController: onFirstWindowDrawn ar=ActivityRecord{5f10733 u0 host.exp.exponent/.experience.ExperienceActivity t2119}
06-17 16:12:02.636  1824  1974 D ActivityTaskManager: Clearing startingData for activity=ActivityRecord{5f10733 u0 host.exp.exponent/.experience.ExperienceActivity t2119} mStartingData=null mStartingSurface=null
06-17 16:12:02.636  1824  1974 I WindowManager: Window{5518a37 u0 PopupWindow:7ecaff} state from READY_TO_SHOW to HAS_DRAWN; reason: performShowLocked
06-17 16:12:02.640  1824  2511 D ActivityTaskManager: Requested Orientation r = ActivityRecord{5f10733 u0 host.exp.exponent/.experience.ExperienceActivity t2119}, requestedOrientation = SCREEN_ORIENTATION_PORTRAIT (1)
06-17 16:12:02.640  1824  2511 D WindowManager: rotation(ROTATION_0) no changed  displayId = 0, lastOrientation = 1
06-17 16:12:02.646  1824  2511 I OplusStatusBarManagerServiceEnhance:  getTopIsFullscreen mTopIsFullscreen: false
06-17 16:12:02.646  1824  2511 W ActivityManager: Permission Denial: getTopApplicationInfo from pid=792, uid=10419 requires oplus.permission.OPLUS_COMPONENT_SAFE
06-17 16:12:02.646  1824  1824 D NotificationService--OplusNotificationManagerServiceExtImpl: isForwardToAssistants: true, case : Is local notification
06-17 16:12:02.646  1824  1824 D NotificationService: This application enqueue notifications is need postDelayed mcsAssistantDelayTime: 200
06-17 16:12:02.651  1824  1824 W NotificationHistory: Attempted to add notif for locked/gone/disabled user 0
06-17 16:12:02.653   792   792 D VRI[ExperienceActivity]: relayoutWindow result, sizeChanged:false, surfaceControlChanged:false, transformHintChanged:false, mSurfaceSize:Point(1080, 2412), mLastSurfaceSize:Point(1080, 2412), mWidth:1080, mHeight:2412, requestedWidth:1080, requestedHeight:2412, transformHint:0, installOrientation:0, displayRotation:0, isSurfaceValid:true, attr.flag:-2122249984, tmpFrames:ClientWindowFrames{frame=[0,0][1080,2412] display=[0,0][1080,2412] parentFrame=[0,0][1080,2412]}, relayoutAsync:true, mSyncSeqId:0
06-17 16:12:02.653   792   792 W VRI[ExperienceActivity]: updateBlastSurfaceIfNeeded, surfaceSize:Point(1080, 2412), lastSurfaceSize:Point(1080, 2412), format:-1, blastBufferQueue:android.graphics.BLASTBufferQueue@6932aa0
06-17 16:12:02.654  1824  2511 D WindowManagerServiceExtImpl: extractConfigInfoAndRealFlags rotation=0, screenDp=360, residentWS:0, win=Window{993b3b2 u0 host.exp.exponent/host.exp.exponent.experience.ExperienceActivity}
06-17 16:12:02.654  1824  2511 V WindowManager: Relayout Window{993b3b2 u0 host.exp.exponent/host.exp.exponent.experience.ExperienceActivity}: viewVisibility=0, oldvis=0, req=1080x2412, vsysui=LIGHT_STATUS_BAR, x=0, y=0
06-17 16:12:02.699  1824  2766 I WindowManager: addWindow: New client android.os.BinderProxy@3f07017 : window=Window{850ec04 u0 PopupWindow:b5bedc4}
06-17 16:12:02.705  1824  2766 V WindowManager: Relayout Window{850ec04 u0 PopupWindow:b5bedc4}: viewVisibility=0, oldvis=0, req=1080x79, vsysui=, x=0, y=107
06-17 16:12:02.705  1824  2766 I WindowManager: Window{850ec04 u0 PopupWindow:b5bedc4} state from NO_SURFACE to DRAW_PENDING; reason: resetDrawState
06-17 16:12:02.708  1824  2766 D WindowManager: NFW_findFocusedWindowIfNeeded:Window{993b3b2 u0 host.exp.exponent/host.exp.exponent.experience.ExperienceActivity} mCurrentFocus:Window{993b3b2 u0 host.exp.exponent/host.exp.exponent.experience.ExperienceActivity}
06-17 16:12:02.709  1824  2798 D CoreBackPreview: Window{850ec04 u0 PopupWindow:b5bedc4}: Setting back callback OnBackInvokedCallbackInfo{mCallback=android.window.IOnBackInvokedCallback$Stub$Proxy@8f2c470, mPriority=0, mIsAnimationCallback=false}
06-17 16:12:02.720  1824  2798 I WindowManager: Window{850ec04 u0 PopupWindow:b5bedc4} state from DRAW_PENDING to COMMIT_DRAW_PENDING; reason: finishDrawingLocked
06-17 16:12:02.721  1824  1974 I WindowManager: Window{850ec04 u0 PopupWindow:b5bedc4} state from COMMIT_DRAW_PENDING to READY_TO_SHOW; reason: commitFinishDrawingLocked
06-17 16:12:02.722  1824  1974 D OplusAppQuickStart_AppQuickStartController: onFirstWindowDrawn ar=ActivityRecord{5f10733 u0 host.exp.exponent/.experience.ExperienceActivity t2119}
06-17 16:12:02.722  1824  1974 D ActivityTaskManager: Clearing startingData for activity=ActivityRecord{5f10733 u0 host.exp.exponent/.experience.ExperienceActivity t2119} mStartingData=null mStartingSurface=null
06-17 16:12:02.722  1824  1974 I WindowManager: Window{850ec04 u0 PopupWindow:b5bedc4} state from READY_TO_SHOW to HAS_DRAWN; reason: performShowLocked
06-17 16:12:02.724  1824  2511 D CompatChangeReporter: Compat change id reported: 297989574; UID 10319; state: ENABLED
06-17 16:12:03.483  1824  2176 V AlarmManager: sending alarm Alarm{35eb267 type 0 origWhen 1781692913482 whenElapsed 154155025 com.heytap.mcs} uid 1000 whenElapsed 154155025 windowLength 10000 maxWhenElapsed 154165025 repeatInterval 0 action com.heytap.mcs.action component null flags 0x8 procName com.heytap.mcs
06-17 16:12:03.504  2330  2693 W ContextImpl: Calling a method in the system process without a qualified user: android.app.ContextImpl.bindService:2061 android.content.ContextWrapper.bindService:873 com.heytap.mcs.biz.statistics.agent.OBUSAgent.bindStatisticsApiService:8 com.heytap.mcs.biz.statistics.agent.OBUSAgent.upload:7 com.heytap.mcs.biz.statistics.agent.AgentManager.upload:3 
06-17 16:12:03.506  1824  3004 D CompatChangeReporter: Compat change id reported: 151861875; UID 1000; state: ENABLED
06-17 16:12:03.511  2330  2693 W ContextImpl: Calling a method in the system process without a qualified user: android.app.ContextImpl.startService:1958 android.content.ContextWrapper.startService:837 com.heytap.mcs.service.McsService.a:13 com.heytap.mcs.service.McsService.a:4 com.heytap.mcs.service.McsService$c.run:41 
06-17 16:12:03.530  1824  1989 I ActivityManager: Start proc 16440:com.heytap.mcs.statistics/1000 for service {com.heytap.mcs/com.heytap.mcs.biz.statistics.service.StatisticsApiService}
06-17 16:12:03.531  1824  2798 D CoreBackPreview: Window{850ec04 u0 PopupWindow:b5bedc4}: Setting back callback null
06-17 16:12:03.534  1824  3004 I WindowManager: Window{850ec04 u0 PopupWindow:b5bedc4} state from HAS_DRAWN to NO_SURFACE; reason: destroySurface
06-17 16:12:03.534  1824  3004 D OplusWindowContainerControlService: removeWindowState: host.exp.exponent, count = 1
06-17 16:12:03.537  1824  3004 D WindowManager: NFW_findFocusedWindowIfNeeded:Window{993b3b2 u0 host.exp.exponent/host.exp.exponent.experience.ExperienceActivity} mCurrentFocus:Window{993b3b2 u0 host.exp.exponent/host.exp.exponent.experience.ExperienceActivity}
06-17 16:12:03.538 11408 16439 W ContextImpl: Calling a method in the system process without a qualified user: android.app.ContextImpl.startService:1958 android.content.ContextWrapper.startService:837 com.heytap.mcs.biz.message.h.b:16 com.heytap.mcs.biz.message.h.a:6 com.heytap.mcs.base.task.a.b:6 
06-17 16:12:03.539  1824  2798 D CoreBackPreview: Window{5518a37 u0 PopupWindow:7ecaff}: Setting back callback null
06-17 16:12:03.542  1824  3004 I WindowManager: Window{5518a37 u0 PopupWindow:7ecaff} state from HAS_DRAWN to NO_SURFACE; reason: destroySurface
06-17 16:12:03.543  1824  3004 D WindowManager: NFW_findFocusedWindowIfNeeded:Window{993b3b2 u0 host.exp.exponent/host.exp.exponent.experience.ExperienceActivity} mCurrentFocus:Window{993b3b2 u0 host.exp.exponent/host.exp.exponent.experience.ExperienceActivity}
06-17 16:12:03.553  1824  1989 I ActivityManager: Start proc 16447:com.heytap.mcs.appservice/1000 for service {com.heytap.mcs/com.heytap.mcs.biz.appservice.McsSdkService}
06-17 16:12:03.588  1824  2798 I ActivityManager: Death received, pid = 11408, processName = com.heytap.mcs.biz.message for thread android.os.BinderProxy@2f46862
06-17 16:12:03.590  1824  2585 I ActivityManager: Process com.heytap.mcs.biz.message (pid 11408) has died: fg  SVC 
06-17 16:12:03.612  1824  2582 D ActivityTaskManagerServiceExtImpl: preBindApplication record is null
06-17 16:12:03.622  1824  2798 D ActivityTaskManagerServiceExtImpl: preBindApplication record is null
06-17 16:12:03.634  1824  3004 D WindowManagerServiceExtImpl: extractConfigInfoAndRealFlags rotation=0, screenDp=360, residentWS:0, win=Window{993b3b2 u0 host.exp.exponent/host.exp.exponent.experience.ExperienceActivity}
06-17 16:12:03.634   792   792 D VRI[ExperienceActivity]: relayoutWindow result, sizeChanged:false, surfaceControlChanged:false, transformHintChanged:false, mSurfaceSize:Point(1080, 2412), mLastSurfaceSize:Point(1080, 2412), mWidth:1080, mHeight:2412, requestedWidth:1080, requestedHeight:2412, transformHint:0, installOrientation:0, displayRotation:0, isSurfaceValid:true, attr.flag:-2122249984, tmpFrames:ClientWindowFrames{frame=[0,0][1080,2412] display=[0,0][1080,2412] parentFrame=[0,0][1080,2412]}, relayoutAsync:true, mSyncSeqId:0
06-17 16:12:03.634   792   792 W VRI[ExperienceActivity]: updateBlastSurfaceIfNeeded, surfaceSize:Point(1080, 2412), lastSurfaceSize:Point(1080, 2412), format:-1, blastBufferQueue:android.graphics.BLASTBufferQueue@6932aa0
06-17 16:12:03.635  1824  3004 V WindowManager: Relayout Window{993b3b2 u0 host.exp.exponent/host.exp.exponent.experience.ExperienceActivity}: viewVisibility=0, oldvis=0, req=1080x2412, vsysui=LIGHT_STATUS_BAR, x=0, y=0
06-17 16:12:03.715  1824  2798 I ActivityManager: Flag disabled. Ignoring finishAttachApplication from uid: 1000. pid: 16447
06-17 16:12:03.716  1824  3004 I ActivityManager: Flag disabled. Ignoring finishAttachApplication from uid: 1000. pid: 16440
06-17 16:12:03.748  1824  2798 D CompatChangeReporter: Compat change id reported: 297989574; UID 1000; state: ENABLED
06-17 16:12:03.776  1824  2582 W ActivityManager: Receiver with filter android.content.IntentFilter@c8bae12 already registered for pid 16440, callerPackage is com.heytap.mcs
06-17 16:12:03.806  1824  2761 W ActivityManager: Receiver with filter android.content.IntentFilter@772995e already registered for pid 16440, callerPackage is com.heytap.mcs
06-17 16:12:03.822 16440 16510 W ContextImpl: Calling a method in the system process without a qualified user: android.app.ContextImpl.bindService:2061 android.content.ContextWrapper.bindService:873 com.heytap.msp.ipc.client.BinderManager.getBinderSync:9 com.heytap.msp.ipc.client.CompatServiceClient.getBinder:3 com.heytap.msp.ipc.client.CompatServiceClient.callRemote:32 
06-17 16:12:03.963  1824  2582 W ContextImpl: Calling a method in the system process without a qualified user: android.app.ContextImpl.sendBroadcastMultiplePermissions:1311 android.content.Context.sendBroadcastMultiplePermissions:2522 com.android.server.TelephonyRegistry.broadcastServiceStateChanged:3786 com.android.server.TelephonyRegistry.notifyServiceStateForPhoneId:1806 com.android.internal.telephony.ITelephonyRegistry$Stub.onTransact:546 
06-17 16:12:03.968  1824  2582 W ContextImpl: Calling a method in the system process without a qualified user: android.app.ContextImpl.sendBroadcastMultiplePermissions:1344 com.android.server.TelephonyRegistry.broadcastServiceStateChanged:3791 com.android.server.TelephonyRegistry.notifyServiceStateForPhoneId:1806 com.android.internal.telephony.ITelephonyRegistry$Stub.onTransact:546 android.os.Binder.execTransactInternal:1523 
06-17 16:12:03.973  1824  2582 W ContextImpl: Calling a method in the system process without a qualified user: android.app.ContextImpl.sendBroadcastMultiplePermissions:1344 com.android.server.TelephonyRegistry.broadcastServiceStateChanged:3800 com.android.server.TelephonyRegistry.notifyServiceStateForPhoneId:1806 com.android.internal.telephony.ITelephonyRegistry$Stub.onTransact:546 android.os.Binder.execTransactInternal:1523 
06-17 16:12:03.981  1824  2582 W ContextImpl: Calling a method in the system process without a qualified user: android.app.ContextImpl.sendBroadcastMultiplePermissions:1344 com.android.server.TelephonyRegistry.broadcastServiceStateChanged:3806 com.android.server.TelephonyRegistry.notifyServiceStateForPhoneId:1806 com.android.internal.telephony.ITelephonyRegistry$Stub.onTransact:546 android.os.Binder.execTransactInternal:1523 
06-17 16:12:06.137   792   792 D VRI[ExperienceActivity]: relayoutWindow result, sizeChanged:false, surfaceControlChanged:false, transformHintChanged:false, mSurfaceSize:Point(1080, 2412), mLastSurfaceSize:Point(1080, 2412), mWidth:1080, mHeight:2412, requestedWidth:1080, requestedHeight:2412, transformHint:0, installOrientation:0, displayRotation:0, isSurfaceValid:true, attr.flag:-2122249856, tmpFrames:ClientWindowFrames{frame=[0,0][1080,2412] display=[0,0][1080,2412] parentFrame=[0,0][1080,2412]}, relayoutAsync:true, mSyncSeqId:0
06-17 16:12:06.137   792   792 W VRI[ExperienceActivity]: updateBlastSurfaceIfNeeded, surfaceSize:Point(1080, 2412), lastSurfaceSize:Point(1080, 2412), format:-1, blastBufferQueue:android.graphics.BLASTBufferQueue@6932aa0
06-17 16:12:06.138  1824  2761 D WindowManagerServiceExtImpl: extractConfigInfoAndRealFlags rotation=0, screenDp=360, residentWS:0, win=Window{993b3b2 u0 host.exp.exponent/host.exp.exponent.experience.ExperienceActivity}
06-17 16:12:06.139  1824  2761 V WindowManager: Relayout Window{993b3b2 u0 host.exp.exponent/host.exp.exponent.experience.ExperienceActivity}: viewVisibility=0, oldvis=0, req=1080x2412, vsysui=LIGHT_STATUS_BAR, x=0, y=0
06-17 16:12:06.456   792   792 D VRI[ExperienceActivity]: relayoutWindow result, sizeChanged:false, surfaceControlChanged:false, transformHintChanged:false, mSurfaceSize:Point(1080, 2412), mLastSurfaceSize:Point(1080, 2412), mWidth:1080, mHeight:2412, requestedWidth:1080, requestedHeight:2412, transformHint:0, installOrientation:0, displayRotation:0, isSurfaceValid:true, attr.flag:-2122249856, tmpFrames:ClientWindowFrames{frame=[0,0][1080,2412] display=[0,0][1080,2412] parentFrame=[0,0][1080,2412]}, relayoutAsync:true, mSyncSeqId:0
06-17 16:12:06.456   792   792 W VRI[ExperienceActivity]: updateBlastSurfaceIfNeeded, surfaceSize:Point(1080, 2412), lastSurfaceSize:Point(1080, 2412), format:-1, blastBufferQueue:android.graphics.BLASTBufferQueue@6932aa0
06-17 16:12:06.456  1824  2582 D WindowManagerServiceExtImpl: extractConfigInfoAndRealFlags rotation=0, screenDp=360, residentWS:0, win=Window{993b3b2 u0 host.exp.exponent/host.exp.exponent.experience.ExperienceActivity}
06-17 16:12:06.457  1824  2582 V WindowManager: Relayout Window{993b3b2 u0 host.exp.exponent/host.exp.exponent.experience.ExperienceActivity}: viewVisibility=0, oldvis=0, req=1080x2412, vsysui=LIGHT_STATUS_BAR, x=0, y=0
06-17 16:12:06.624   792   792 D VRI[ExperienceActivity]: relayoutWindow result, sizeChanged:false, surfaceControlChanged:false, transformHintChanged:false, mSurfaceSize:Point(1080, 2412), mLastSurfaceSize:Point(1080, 2412), mWidth:1080, mHeight:2412, requestedWidth:1080, requestedHeight:2412, transformHint:0, installOrientation:0, displayRotation:0, isSurfaceValid:true, attr.flag:-2122249856, tmpFrames:ClientWindowFrames{frame=[0,0][1080,2412] display=[0,0][1080,2412] parentFrame=[0,0][1080,2412]}, relayoutAsync:true, mSyncSeqId:0
06-17 16:12:06.624   792   792 W VRI[ExperienceActivity]: updateBlastSurfaceIfNeeded, surfaceSize:Point(1080, 2412), lastSurfaceSize:Point(1080, 2412), format:-1, blastBufferQueue:android.graphics.BLASTBufferQueue@6932aa0
06-17 16:12:06.624  1824  2582 D WindowManagerServiceExtImpl: extractConfigInfoAndRealFlags rotation=0, screenDp=360, residentWS:0, win=Window{993b3b2 u0 host.exp.exponent/host.exp.exponent.experience.ExperienceActivity}
06-17 16:12:06.625  1824  2582 V WindowManager: Relayout Window{993b3b2 u0 host.exp.exponent/host.exp.exponent.experience.ExperienceActivity}: viewVisibility=0, oldvis=0, req=1080x2412, vsysui=LIGHT_STATUS_BAR, x=0, y=0
06-17 16:12:08.816 16440 16440 W ContextImpl: Calling a method in the system process without a qualified user: android.app.ContextImpl.startService:1958 android.content.ContextWrapper.startService:837 com.heytap.mcs.biz.statistics.StaticProcessTrackStatusManager.exitCurrentProcess:11 com.heytap.mcs.biz.statistics.StaticProcessTrackStatusManager$1.handleMessage:3 android.os.Handler.dispatchMessage:103 
06-17 16:12:08.854  1824  2798 I ActivityManager: Death received, pid = 16440, processName = com.heytap.mcs.statistics for thread android.os.BinderProxy@e39dca0
06-17 16:12:08.857  1824  2565 I ActivityManager: Process com.heytap.mcs.statistics (pid 16440) has died: fg  SVC 
06-17 16:12:08.859 16447 16447 I ActivityThread: Removing dead content provider:android.content.ContentProviderProxy@f78a646
06-17 16:12:10.208  1824  1824 D MBrainLocalService: isVendorFreezeConditionPass is false
06-17 16:12:10.208  1824  1824 D MBrainLocalService: notifyNetworkChange failed
06-17 16:12:10.328  1824  2582 D CommSceneService: my telephony callback proxy invoke method=onTelephonyEventReport
06-17 16:12:11.350  1824  3285 D CommSceneService: my telephony callback proxy invoke method=onTelephonyEventReport
06-17 16:12:11.645  1824  2282 W ContextImpl: Calling a method in the system process without a qualified user: android.app.ContextImpl.sendBroadcast:1261 com.android.server.job.controllers.OplusCpuController.notifyHighCpuEventForApp:387 com.android.server.job.controllers.OplusCpuController.handleCpuUpdate:333 com.android.server.job.controllers.OplusCpuController.-$$Nest$mhandleCpuUpdate:0 com.android.server.job.controllers.OplusCpuController$CpuTrackerHandler.handleMessage:257 
06-17 16:12:12.375  1824  3285 D CommSceneService: my telephony callback proxy invoke method=onTelephonyEventReport
06-17 16:12:14.394   724 16512 I keystore2: system/security/keystore2/watchdog/src/lib.rs:319 - Watchdog thread idle -> terminating. Have a great day.
06-17 16:12:23.826  1824  2582 I ActivityManager: Death received, pid = 16447, processName = com.heytap.mcs.appservice for thread android.os.BinderProxy@c8cfd42
06-17 16:12:23.827  1824  2585 I ActivityManager: Process com.heytap.mcs.appservice (pid 16447) has died: cch+5 CEM 
06-17 16:12:26.083  1824  2643 W ContextImpl: Calling a method in the system process without a qualified user: android.app.ContextImpl.sendBroadcastMultiplePermissions:1311 android.content.Context.sendBroadcastMultiplePermissions:2522 com.android.server.TelephonyRegistry.broadcastServiceStateChanged:3786 com.android.server.TelephonyRegistry.notifyServiceStateForPhoneId:1806 com.android.internal.telephony.ITelephonyRegistry$Stub.onTransact:546 
06-17 16:12:26.087  1824  2643 W ContextImpl: Calling a method in the system process without a qualified user: android.app.ContextImpl.sendBroadcastMultiplePermissions:1344 com.android.server.TelephonyRegistry.broadcastServiceStateChanged:3791 com.android.server.TelephonyRegistry.notifyServiceStateForPhoneId:1806 com.android.internal.telephony.ITelephonyRegistry$Stub.onTransact:546 android.os.Binder.execTransactInternal:1523 
06-17 16:12:26.092  1824  2643 W ContextImpl: Calling a method in the system process without a qualified user: android.app.ContextImpl.sendBroadcastMultiplePermissions:1344 com.android.server.TelephonyRegistry.broadcastServiceStateChanged:3800 com.android.server.TelephonyRegistry.notifyServiceStateForPhoneId:1806 com.android.internal.telephony.ITelephonyRegistry$Stub.onTransact:546 android.os.Binder.execTransactInternal:1523 
06-17 16:12:26.105  1824  2643 W ContextImpl: Calling a method in the system process without a qualified user: android.app.ContextImpl.sendBroadcastMultiplePermissions:1344 com.android.server.TelephonyRegistry.broadcastServiceStateChanged:3806 com.android.server.TelephonyRegistry.notifyServiceStateForPhoneId:1806 com.android.internal.telephony.ITelephonyRegistry$Stub.onTransact:546 android.os.Binder.execTransactInternal:1523 
06-17 16:12:26.140  1824  1981 D AppProfilerExtImpl: Skipped pss collection for CPU busy
06-17 16:12:29.497  1824  2151 E JobScheduler.Background: Couldn't determine stopped state for unknown package: com.lianhezhuli.laxasfit
06-17 16:12:29.499  1824  2151 E JobScheduler.Background: Couldn't determine stopped state for unknown package: com.oplus.onet
06-17 16:12:29.573  1824  2643 I TaskOrganizerController: onTaskInfoChanged taskid 2068 config { mBounds=Rect(442, 155 - 1032, 487) mAppBounds=Rect(442, 155 - 1032, 487) mMaxBounds=Rect(0, 0 - 1080, 2412) mDisplayRotation=ROTATION_0 mWindowingMode=pinned mActivityType=standard mAlwaysOnTop=undefined mRotation=ROTATION_0}
06-17 16:12:29.574  1824  2643 D OplusFlexibleWindowMinimizedManagerHelper: onTaskInfoChanged taskInfo:TaskInfo{userId=0 taskId=2068 displayId=0 isRunning=true baseIntent=Intent { act=android.intent.action.MAIN cat=[android.intent.category.LAUNCHER] flg=0x10200000 cmp=com.google.android.youtube/.app.honeycomb.Shell$HomeActivity mCallingUid=10197 } baseActivity=ComponentInfo{com.google.android.youtube/com.google.android.apps.youtube.app.watchwhile.MainActivity} topActivity=ComponentInfo{com.google.android.youtube/com.google.android.apps.youtube.app.watchwhile.MainActivity} origActivity=ComponentInfo{com.google.android.youtube/com.google.android.youtube.app.honeycomb.Shell$HomeActivity} realActivity=ComponentInfo{com.google.android.youtube/com.google.android.apps.youtube.app.watchwhile.MainActivity} numActivities=1 lastActiveTime=153466152 supportsSplitScreenMultiWindow=true supportsMultiWindow=true supportsPocketStudioMultiWindow=true isInFlexibleEmbedded = false uid = 10159 pid = 27960 resizeMode=2 isResizeable=true minWidth=-1 minHeight=-1 defaultMinSize=220 token=WCT{RemoteToken{942d480 Task{56aa19b #2068 type=standard A=10159:com.google.android.youtube}}} topActivityType=1 pictureInPictureParams=PictureInPictureParams( aspectRatio=16/9 expandedAspectRatio=null sourceRectHint=Rect(7514, 2817 - 8104, 3149) hasSetActions=true hasSetCloseAction=false isAutoPipEnabled=false isSeamlessResizeEnabled=true title=null subtitle=null isLaunchIntoPip=false) shouldDockBigOverlays=false launchIntoPipHostTaskId=-1 lastParentTaskIdBeforePip=-1 displayCutoutSafeInsets=null topActivityInfo=ActivityInfo{8574d0a com.google.android.youtube.app.honeycomb.Shell$HomeActivity} launchCookies=[] positionInParent=Point(442, 155) parentTaskId=-1 isFocused=false isVisible=true isVisibleRequested=true isSleeping=false locusId=null displayAreaFeatureId=1 isTopActivityTransparent=false appCompatTaskInfo=AppCompatTaskInfo { topActivityInSizeCompat=false topActivityInOplusCompatMode=false topActivityEligibleForLetterboxEducation= falseisLetterboxEducationEnabled= false isLetterboxDoubleTapEnabled= false topActivityEligibleForUserAspectRatioButton= false topActivityBoundsLetterboxed= false isFromLetterboxDoubleTap= false topActivityLetterboxVerticalPosition= -1 topActivityLetterboxHorizontalPosition= -1 topActivityLetterboxWidth=590 topActivityLetterboxHeight=332 isUserFullscreenOverrideEnabled=false isSystemFullscreenOverrideEnabled=false cameraCompatTaskInfo=CameraCompatTaskInfo { cameraCompatControlState=hidden freeformCameraCompatMode=inactive}} topActivityLetterboxInsets=Rect(0, 0 - 0, 0) mOplusExtraBundle = Bundle[{androidx.flexible.taskFrame=Rect(0, 0 - 0, 0), key_flexible_task_state=0, androidx.activity.LaunchScenario=0, androidx.activity.LaunchScale=1.0}]} task:Task{56aa19b #2068 type=standard A=10159:com.google.android.youtube}
06-17 16:12:29.575  1824  2643 D OplusFlexibleDragToSplitAnimController: visibleFlexibleTaskInfos delete:2068
06-17 16:12:29.586  2459  2512 D WindowManagerShell: onTaskInfoChanged: ComponentInfo{com.google.android.youtube/com.google.android.apps.youtube.app.watchwhile.MainActivity}, state=PipTransitionState(mState=entered-pip, mInSwipePipToHomeTransition=false) oldParams=PictureInPictureParams( aspectRatio=16/9 expandedAspectRatio=null sourceRectHint=Rect(7072, 2662 - 7662, 2994) hasSetActions=true hasSetCloseAction=false isAutoPipEnabled=true isSeamlessResizeEnabled=true title=null subtitle=null isLaunchIntoPip=false) newParams=PictureInPictureParams( aspectRatio=16/9 expandedAspectRatio=null sourceRectHint=Rect(7514, 2817 - 8104, 3149) hasSetActions=true hasSetCloseAction=false isAutoPipEnabled=false isSeamlessResizeEnabled=true title=null subtitle=null isLaunchIntoPip=false)
06-17 16:12:29.602  1824  2643 I TaskOrganizerController: onTaskInfoChanged taskid 2068 config { mBounds=Rect(442, 155 - 1032, 487) mAppBounds=Rect(442, 155 - 1032, 487) mMaxBounds=Rect(0, 0 - 1080, 2412) mDisplayRotation=ROTATION_0 mWindowingMode=pinned mActivityType=standard mAlwaysOnTop=undefined mRotation=ROTATION_0}
06-17 16:12:29.603  1824  2643 D OplusFlexibleWindowMinimizedManagerHelper: onTaskInfoChanged taskInfo:TaskInfo{userId=0 taskId=2068 displayId=0 isRunning=true baseIntent=Intent { act=android.intent.action.MAIN cat=[android.intent.category.LAUNCHER] flg=0x10200000 cmp=com.google.android.youtube/.app.honeycomb.Shell$HomeActivity mCallingUid=10197 } baseActivity=ComponentInfo{com.google.android.youtube/com.google.android.apps.youtube.app.watchwhile.MainActivity} topActivity=ComponentInfo{com.google.android.youtube/com.google.android.apps.youtube.app.watchwhile.MainActivity} origActivity=ComponentInfo{com.google.android.youtube/com.google.android.youtube.app.honeycomb.Shell$HomeActivity} realActivity=ComponentInfo{com.google.android.youtube/com.google.android.apps.youtube.app.watchwhile.MainActivity} numActivities=1 lastActiveTime=153466152 supportsSplitScreenMultiWindow=true supportsMultiWindow=true supportsPocketStudioMultiWindow=true isInFlexibleEmbedded = false uid = 10159 pid = 27960 resizeMode=2 isResizeable=true minWidth=-1 minHeight=-1 defaultMinSize=220 token=WCT{RemoteToken{942d480 Task{56aa19b #2068 type=standard A=10159:com.google.android.youtube}}} topActivityType=1 pictureInPictureParams=PictureInPictureParams( aspectRatio=16/9 expandedAspectRatio=null sourceRectHint=Rect(7956, 2972 - 8546, 3304) hasSetActions=true hasSetCloseAction=false isAutoPipEnabled=false isSeamlessResizeEnabled=true title=null subtitle=null isLaunchIntoPip=false) shouldDockBigOverlays=false launchIntoPipHostTaskId=-1 lastParentTaskIdBeforePip=-1 displayCutoutSafeInsets=null topActivityInfo=ActivityInfo{8574d0a com.google.android.youtube.app.honeycomb.Shell$HomeActivity} launchCookies=[] positionInParent=Point(442, 155) parentTaskId=-1 isFocused=false isVisible=true isVisibleRequested=true isSleeping=false locusId=null displayAreaFeatureId=1 isTopActivityTransparent=false appCompatTaskInfo=AppCompatTaskInfo { topActivityInSizeCompat=false topActivityInOplusCompatMode=false topActivityEligibleForLetterboxEducation= falseisLetterboxEducationEnabled= false isLetterboxDoubleTapEnabled= false topActivityEligibleForUserAspectRatioButton= false topActivityBoundsLetterboxed= false isFromLetterboxDoubleTap= false topActivityLetterboxVerticalPosition= -1 topActivityLetterboxHorizontalPosition= -1 topActivityLetterboxWidth=590 topActivityLetterboxHeight=332 isUserFullscreenOverrideEnabled=false isSystemFullscreenOverrideEnabled=false cameraCompatTaskInfo=CameraCompatTaskInfo { cameraCompatControlState=hidden freeformCameraCompatMode=inactive}} topActivityLetterboxInsets=Rect(0, 0 - 0, 0) mOplusExtraBundle = Bundle[{androidx.flexible.taskFrame=Rect(0, 0 - 0, 0), key_flexible_task_state=0, androidx.activity.LaunchScenario=0, androidx.activity.LaunchScale=1.0}]} task:Task{56aa19b #2068 type=standard A=10159:com.google.android.youtube}
06-17 16:12:29.603  1824  2643 D OplusFlexibleDragToSplitAnimController: visibleFlexibleTaskInfos delete:2068
06-17 16:12:29.604  2459  2512 D WindowManagerShell: onTaskInfoChanged: ComponentInfo{com.google.android.youtube/com.google.android.apps.youtube.app.watchwhile.MainActivity}, state=PipTransitionState(mState=entered-pip, mInSwipePipToHomeTransition=false) oldParams=PictureInPictureParams( aspectRatio=16/9 expandedAspectRatio=null sourceRectHint=Rect(7514, 2817 - 8104, 3149) hasSetActions=true hasSetCloseAction=false isAutoPipEnabled=false isSeamlessResizeEnabled=true title=null subtitle=null isLaunchIntoPip=false) newParams=PictureInPictureParams( aspectRatio=16/9 expandedAspectRatio=null sourceRectHint=Rect(7956, 2972 - 8546, 3304) hasSetActions=true hasSetCloseAction=false isAutoPipEnabled=false isSeamlessResizeEnabled=true title=null subtitle=null isLaunchIntoPip=false)
06-17 16:12:29.642 27960 27960 D VRI[Shell$HomeActivity]: relayoutWindow result, sizeChanged:false, surfaceControlChanged:false, transformHintChanged:false, mSurfaceSize:Point(590, 332), mLastSurfaceSize:Point(590, 332), mWidth:590, mHeight:332, requestedWidth:590, requestedHeight:332, transformHint:0, installOrientation:0, displayRotation:0, isSurfaceValid:true, attr.flag:-2122251904, tmpFrames:ClientWindowFrames{frame=[442,155][1032,487] display=[442,155][1032,487] parentFrame=[442,155][1032,487]}, relayoutAsync:true, mSyncSeqId:27
06-17 16:12:29.642  1824  2582 D WindowManagerServiceExtImpl: extractConfigInfoAndRealFlags rotation=0, screenDp=111, residentWS:0, win=Window{1553966 u0 com.google.android.youtube/com.google.android.youtube.app.honeycomb.Shell$HomeActivity}
06-17 16:12:29.642 27960 27960 W VRI[Shell$HomeActivity]: updateBlastSurfaceIfNeeded, surfaceSize:Point(590, 332), lastSurfaceSize:Point(590, 332), format:-3, blastBufferQueue:android.graphics.BLASTBufferQueue@c0f084e
06-17 16:12:29.642  1824  2582 V WindowManager: Relayout Window{1553966 u0 com.google.android.youtube/com.google.android.youtube.app.honeycomb.Shell$HomeActivity}: viewVisibility=0, oldvis=0, req=590x332, vsysui=LAYOUT_STABLE LAYOUT_HIDE_NAVIGATION LAYOUT_FULLSCREEN IMMERSIVE_STICKY, x=0, y=0
06-17 16:12:30.729  1824  2511 W SettingsStatsUtil: Can not parse value to float: +network
06-17 16:12:32.509  1824  2176 V AlarmManager: sending alarm Alarm{f259c81 type 2 origWhen 154194051 whenElapsed 154194051 android} uid 1000 whenElapsed 154194051 windowLength 0 maxWhenElapsed 154194051 repeatInterval 0 action com.android.server.audio.action.CHECK_MUSIC_ACTIVE component null flags 0x9 procName system_server
06-17 16:12:35.812  1824  1824 D MBrainLocalService: isVendorFreezeConditionPass is false
06-17 16:12:35.812  1824  1824 D MBrainLocalService: notifyNetworkChange failed
06-17 16:12:36.270  1824  2643 W ContextImpl: Calling a method in the system process without a qualified user: android.app.ContextImpl.sendBroadcastMultiplePermissions:1311 android.content.Context.sendBroadcastMultiplePermissions:2522 com.android.server.TelephonyRegistry.broadcastServiceStateChanged:3786 com.android.server.TelephonyRegistry.notifyServiceStateForPhoneId:1806 com.android.internal.telephony.ITelephonyRegistry$Stub.onTransact:546 
06-17 16:12:36.275  1824  2643 W ContextImpl: Calling a method in the system process without a qualified user: android.app.ContextImpl.sendBroadcastMultiplePermissions:1344 com.android.server.TelephonyRegistry.broadcastServiceStateChanged:3791 com.android.server.TelephonyRegistry.notifyServiceStateForPhoneId:1806 com.android.internal.telephony.ITelephonyRegistry$Stub.onTransact:546 android.os.Binder.execTransactInternal:1523 
06-17 16:12:36.279  1824  2643 W ContextImpl: Calling a method in the system process without a qualified user: android.app.ContextImpl.sendBroadcastMultiplePermissions:1344 com.android.server.TelephonyRegistry.broadcastServiceStateChanged:3800 com.android.server.TelephonyRegistry.notifyServiceStateForPhoneId:1806 com.android.internal.telephony.ITelephonyRegistry$Stub.onTransact:546 android.os.Binder.execTransactInternal:1523 
06-17 16:12:36.284  1824  2643 W ContextImpl: Calling a method in the system process without a qualified user: android.app.ContextImpl.sendBroadcastMultiplePermissions:1344 com.android.server.TelephonyRegistry.broadcastServiceStateChanged:3806 com.android.server.TelephonyRegistry.notifyServiceStateForPhoneId:1806 com.android.internal.telephony.ITelephonyRegistry$Stub.onTransact:546 android.os.Binder.execTransactInternal:1523 
06-17 16:12:37.847  1824  2766 W ContextImpl: Calling a method in the system process without a qualified user: android.app.ContextImpl.sendBroadcastMultiplePermissions:1311 android.content.Context.sendBroadcastMultiplePermissions:2522 com.android.server.TelephonyRegistry.broadcastServiceStateChanged:3786 com.android.server.TelephonyRegistry.notifyServiceStateForPhoneId:1806 com.android.internal.telephony.ITelephonyRegistry$Stub.onTransact:546 
06-17 16:12:37.852  1824  2766 W ContextImpl: Calling a method in the system process without a qualified user: android.app.ContextImpl.sendBroadcastMultiplePermissions:1344 com.android.server.TelephonyRegistry.broadcastServiceStateChanged:3791 com.android.server.TelephonyRegistry.notifyServiceStateForPhoneId:1806 com.android.internal.telephony.ITelephonyRegistry$Stub.onTransact:546 android.os.Binder.execTransactInternal:1523 
