06-17 16:11:01.868  1824  1974 D ActivityTaskManager: removeStartingWindowAnimation starting ActivityRecord{7c6d549 u0 host.exp.exponent/.experience.ExperienceActivity t2117} startingWindow=null ,startingView=com.android.server.wm.StartingSurfaceController$StartingSurface@4777309,Callers=com.android.server.wm.ActivityRecord.removeStartingWindow:3563 com.android.server.wm.ActivityRecord.onFirstWindowDrawn:8581 com.android.server.wm.WindowState.performShowLocked:5071 com.android.server.wm.WindowStateAnimator.commitFinishDrawingLocked:342 com.android.server.wm.DisplayContent.lambda$new$8:1141 
06-17 16:11:01.868  1824  1974 D OplusStartingWindowManager: interceptRemoveStartingWindow: packageName=host.exp.exponent,  componentName=host.exp.exponent/.experience.ExperienceActivity, isSnapshot=false, startingSurfaceRunnable=null, isDrawCompleted=false, hasSurfaceView=false, inTransition=true
06-17 16:11:01.869  1824  1974 D OplusSplitScreenManagerService: notifyRemoveStartingWindow mOplusSpiltScreenDnDUI is null, just return!
06-17 16:11:01.870  1824  1974 D OplusStartingWindowManager: interceptRemoveStartingWindow: hasSplashWindowFlag() return false for activity=ActivityRecord{7c6d549 u0 host.exp.exponent/.experience.ExperienceActivity t2117}
06-17 16:11:01.873  1824  1974 D WindowManager: setFrameRateStart invalid typeId return!
06-17 16:11:01.874  1824  1985 W UserAwareMgr: event can not be released, id: 5004, count: 2, releasePid: 1824
06-17 16:11:01.876  1824  1974 I Quality : LaunchTime2.0: host.exp.exponent/.experience.ExperienceActivity 2 272 host.exp.exponent 146 -1
06-17 16:11:01.877  1824  1974 I WindowManager: Window{8a2b5f8 u0 host.exp.exponent/host.exp.exponent.experience.ExperienceActivity} state from READY_TO_SHOW to HAS_DRAWN; reason: performShowLocked
06-17 16:11:01.878  1824  1974 D OplusAppQuickStart_AppQuickStartController: onFirstWindowDrawn ar=ActivityRecord{48e16dd u0 host.exp.exponent/.LauncherActivity t2116 f}}
06-17 16:11:01.878  1824  1974 D ActivityTaskManager: Clearing startingData for activity=ActivityRecord{48e16dd u0 host.exp.exponent/.LauncherActivity t2116 f}} mStartingData=null mStartingSurface=null
06-17 16:11:01.884  1824  1974 D OplusAppQuickStart_AppQuickStartController: onFirstWindowDrawn ar=ActivityRecord{48e16dd u0 host.exp.exponent/.LauncherActivity t2116 f}}
06-17 16:11:01.884  1824  1974 D ActivityTaskManager: Clearing startingData for activity=ActivityRecord{48e16dd u0 host.exp.exponent/.LauncherActivity t2116 f}} mStartingData=null mStartingSurface=null
06-17 16:11:01.885  1824  1974 D OplusAppQuickStart_AppQuickStartController: onFirstWindowDrawn ar=ActivityRecord{48e16dd u0 host.exp.exponent/.LauncherActivity t2116 f}}
06-17 16:11:01.885  1824  1974 D ActivityTaskManager: Clearing startingData for activity=ActivityRecord{48e16dd u0 host.exp.exponent/.LauncherActivity t2116 f}} mStartingData=null mStartingSurface=null
06-17 16:11:01.905  1824  1974 D OplusAppQuickStart_AppQuickStartController: onFirstWindowDrawn ar=ActivityRecord{48e16dd u0 host.exp.exponent/.LauncherActivity t2116 f}}
06-17 16:11:01.905  1824  1974 D ActivityTaskManager: Clearing startingData for activity=ActivityRecord{48e16dd u0 host.exp.exponent/.LauncherActivity t2116 f}} mStartingData=null mStartingSurface=null
06-17 16:11:01.910  1824  2417 D OplusTransitionAnimationManager: skipFinishDrawingIfNeed clientRotation=0, currentRotation=0, hasFixedRotationApp=false, requestedOrientation=-1, win=Window{8a2b5f8 u0 host.exp.exponent/host.exp.exponent.experience.ExperienceActivity}, activity=ActivityRecord{7c6d549 u0 host.exp.exponent/.experience.ExperienceActivity t2117}, currentConfig={1.0 ??mcc??mnc [en_GB] ldltr sw360dp w360dp h804dp 480dpi nrml long port night finger -keyb/v/h -nav/h winConfig={ mBounds=Rect(0, 0 - 1080, 2412) mAppBounds=Rect(0, 0 - 1080, 2412) mMaxBounds=Rect(0, 0 - 1080, 2412) mDisplayRotation=ROTATION_0 mWindowingMode=fullscreen mActivityType=standard mAlwaysOnTop=undefined mRotation=ROTATION_0} s.2 fontWeightAdjustment=0mThemeChanged= 0, mThemeChangedFlags= 0, mFlipFont= 0, mScenario= 0, mAccessibleChanged= -1, mUxIconConfig= 3468921665126137889, mMaterialColor= 0, mUserId= 0, mFontUserId= 0, mFontVariationSettings= 226, mFoldingAngle = -1.0, mIconPackName= , mDarkModeBackgroundMaxL= 0.0, mDarkModeDialogBgMaxL= 27.0, mDarkModeForegroundMinL= 100.0, mOplusConfigType= 1, mOplusChangedConfigs= 0, OpSans= -1, mBurmeseFontFlag= 2, mFlag= 0, mFlexibleActivitySuitable= -1, mPuttDisplayFlag= -1}
06-17 16:11:01.911  1824  1974 D OplusAppQuickStart_AppQuickStartController: onFirstWindowDrawn ar=ActivityRecord{48e16dd u0 host.exp.exponent/.LauncherActivity t2116 f}}
06-17 16:11:01.911  1824  1974 D ActivityTaskManager: Clearing startingData for activity=ActivityRecord{48e16dd u0 host.exp.exponent/.LauncherActivity t2116 f}} mStartingData=null mStartingSurface=null
06-17 16:11:01.918  1824  2204 D InputMethodManagerService: isSecurity: attribute.packageName = host.exp.exponent mCurMethodId = com.google.android.inputmethod.latin/com.android.inputmethod.latin.LatinIME isSecurity = false ( enable = false needShow = false inBlackList = false isExist = true )
06-17 16:11:01.921  1824  1974 D OplusAppQuickStart_AppQuickStartController: onFirstWindowDrawn ar=ActivityRecord{48e16dd u0 host.exp.exponent/.LauncherActivity t2116 f}}
06-17 16:11:01.921  1824  1974 D ActivityTaskManager: Clearing startingData for activity=ActivityRecord{48e16dd u0 host.exp.exponent/.LauncherActivity t2116 f}} mStartingData=null mStartingSurface=null
06-17 16:11:01.929  1824  1985 I UserAwareMgr: fg app status not changed, beforeVisible: true, currentVisible: true
06-17 16:11:01.933  1824  3092 D WindowManager: setFrameRateStart invalid typeId return!
06-17 16:11:01.938  1824  1974 D OplusAppQuickStart_AppQuickStartController: onFirstWindowDrawn ar=ActivityRecord{48e16dd u0 host.exp.exponent/.LauncherActivity t2116 f}}
06-17 16:11:01.938  1824  3092 W PackageConfigPersister: App-specific configuration not found for packageName: host.exp.exponent and userId: 0
06-17 16:11:01.939  1824  1974 D ActivityTaskManager: Clearing startingData for activity=ActivityRecord{48e16dd u0 host.exp.exponent/.LauncherActivity t2116 f}} mStartingData=null mStartingSurface=null
06-17 16:11:01.940  1824  1974 D OplusAppQuickStart_AppQuickStartController: onFirstWindowDrawn ar=ActivityRecord{48e16dd u0 host.exp.exponent/.LauncherActivity t2116 f}}
06-17 16:11:01.940  1824  1974 D ActivityTaskManager: Clearing startingData for activity=ActivityRecord{48e16dd u0 host.exp.exponent/.LauncherActivity t2116 f}} mStartingData=null mStartingSurface=null
06-17 16:11:01.953  1824  1974 D OplusAppQuickStart_AppQuickStartController: onFirstWindowDrawn ar=ActivityRecord{48e16dd u0 host.exp.exponent/.LauncherActivity t2116 f}}
06-17 16:11:01.953  1824  1974 D ActivityTaskManager: Clearing startingData for activity=ActivityRecord{48e16dd u0 host.exp.exponent/.LauncherActivity t2116 f}} mStartingData=null mStartingSurface=null
06-17 16:11:02.155  1824  3280 D WindowManagerServiceExtImpl: extractConfigInfoAndRealFlags rotation=0, screenDp=360, residentWS:0, win=Window{44447bd u0 Splash Screen host.exp.exponent}
06-17 16:11:02.155  1824  3280 V WindowManager: Relayout Window{44447bd u0 Splash Screen host.exp.exponent}: viewVisibility=8, oldvis=0, req=1080x2412, vsysui=
06-17 16:11:02.156  1824  3280 D WindowManager: setFrameRateStart invalid typeId return!
06-17 16:11:02.157  1824  3280 D OplusAppQuickStart_AppQuickStartController: onFirstWindowDrawn ar=ActivityRecord{48e16dd u0 host.exp.exponent/.LauncherActivity t2116 f}}
06-17 16:11:02.157  1824  3280 D ActivityTaskManager: Clearing startingData for activity=ActivityRecord{48e16dd u0 host.exp.exponent/.LauncherActivity t2116 f}} mStartingData=null mStartingSurface=null
06-17 16:11:02.158  1824  3280 D WindowManager: NFW_findFocusedWindowIfNeeded:Window{8a2b5f8 u0 host.exp.exponent/host.exp.exponent.experience.ExperienceActivity} mCurrentFocus:Window{8a2b5f8 u0 host.exp.exponent/host.exp.exponent.experience.ExperienceActivity}
06-17 16:11:02.160  1824  3280 D CoreBackPreview: Window{44447bd u0 Splash Screen host.exp.exponent EXITING}: Setting back callback null
06-17 16:11:02.160  1824  3092 D WindowManager: NFW_findFocusedWindowIfNeeded:Window{8a2b5f8 u0 host.exp.exponent/host.exp.exponent.experience.ExperienceActivity} mCurrentFocus:Window{8a2b5f8 u0 host.exp.exponent/host.exp.exponent.experience.ExperienceActivity}
06-17 16:11:02.161  1824  3092 D OplusAppQuickStart_AppQuickStartController: onFirstWindowDrawn ar=ActivityRecord{48e16dd u0 host.exp.exponent/.LauncherActivity t2116 f}}
06-17 16:11:02.161  1824  3092 D ActivityTaskManager: Clearing startingData for activity=ActivityRecord{48e16dd u0 host.exp.exponent/.LauncherActivity t2116 f}} mStartingData=null mStartingSurface=null
06-17 16:11:02.162  1824  1974 D OplusAppQuickStart_AppQuickStartController: onFirstWindowDrawn ar=ActivityRecord{48e16dd u0 host.exp.exponent/.LauncherActivity t2116 f}}
06-17 16:11:02.162  1824  1974 D ActivityTaskManager: Clearing startingData for activity=ActivityRecord{48e16dd u0 host.exp.exponent/.LauncherActivity t2116 f}} mStartingData=null mStartingSurface=null
06-17 16:11:02.169  1824  1975 D SurfaceAnimationRunner: onAnimationStart:Surface(name=Surface(name=44447bd Splash Screen host.exp.exponent)/@0xd005527 - animation-leash of window_animation)/@0x64053d4
06-17 16:11:02.169  1824  1974 D OplusAppQuickStart_AppQuickStartController: onFirstWindowDrawn ar=ActivityRecord{48e16dd u0 host.exp.exponent/.LauncherActivity t2116 f}}
06-17 16:11:02.169  1824  1974 D ActivityTaskManager: Clearing startingData for activity=ActivityRecord{48e16dd u0 host.exp.exponent/.LauncherActivity t2116 f}} mStartingData=null mStartingSurface=null
06-17 16:11:02.335  1824  1974 I WindowStateExtImpl: onSurfaceShowChange show = false mPackageName = host.exp.exponent parentPkgName = host.exp.exponent
06-17 16:11:02.335  1824  1974 I WindowManager: Window{44447bd u0 Splash Screen host.exp.exponent EXITING} state from HAS_DRAWN to NO_SURFACE; reason: destroySurface
06-17 16:11:02.335  1824  1975 D SurfaceAnimationRunner: onAnimationEnd:Surface(name=Surface(name=44447bd Splash Screen host.exp.exponent)/@0xd005527 - animation-leash of window_animation)/@0x64053d4
06-17 16:11:02.338  1824  1974 D OplusAppQuickStart_AppQuickStartController: onFirstWindowDrawn ar=ActivityRecord{48e16dd u0 host.exp.exponent/.LauncherActivity t2116 f}}
06-17 16:11:02.338  1824  1974 D ActivityTaskManager: Clearing startingData for activity=ActivityRecord{48e16dd u0 host.exp.exponent/.LauncherActivity t2116 f}} mStartingData=null mStartingSurface=null
06-17 16:11:02.338  1824  1985 W UserAwareMgr: event can not be released, id: 5005, count: 2, releasePid: 1824
06-17 16:11:02.351  1824  1974 D OplusAppQuickStart_AppQuickStartController: onFirstWindowDrawn ar=ActivityRecord{48e16dd u0 host.exp.exponent/.LauncherActivity t2116 f}}
06-17 16:11:02.351  1824  1974 D ActivityTaskManager: Clearing startingData for activity=ActivityRecord{48e16dd u0 host.exp.exponent/.LauncherActivity t2116 f}} mStartingData=null mStartingSurface=null
06-17 16:11:02.354  1824  1974 D OplusAppQuickStart_AppQuickStartController: onFirstWindowDrawn ar=ActivityRecord{48e16dd u0 host.exp.exponent/.LauncherActivity t2116 f}}
06-17 16:11:02.354  1824  1974 D ActivityTaskManager: Clearing startingData for activity=ActivityRecord{48e16dd u0 host.exp.exponent/.LauncherActivity t2116 f}} mStartingData=null mStartingSurface=null
06-17 16:11:02.367  1824  1974 D OplusAppQuickStart_AppQuickStartController: onFirstWindowDrawn ar=ActivityRecord{48e16dd u0 host.exp.exponent/.LauncherActivity t2116 f}}
06-17 16:11:02.368  1824  1974 D ActivityTaskManager: Clearing startingData for activity=ActivityRecord{48e16dd u0 host.exp.exponent/.LauncherActivity t2116 f}} mStartingData=null mStartingSurface=null
06-17 16:11:02.385  2459  2512 V WindowManagerShell: Transition animation finished (aborted=false), notifying core (#3046) android.os.BinderProxy@fc0ae6e@0
06-17 16:11:02.385  2459  2512 D SplitScreen-->AppLockManager: setStartFromSafeControl mStartFromSafeControl=false
06-17 16:11:02.387  1824  3092 D Transition: finishTransition ar ActivityRecord{48e16dd u0 host.exp.exponent/.LauncherActivity t2116 f}}, isVisibleRequested=false, state=STOPPING, visibleAtTransitionEndTokens={ActivityRecord{7c6d549 u0 host.exp.exponent/.experience.ExperienceActivity t2117}}, this=TransitionRecord{8887f6b id=3046 track=0 type=OPEN flags=0x0 state=2}
06-17 16:11:02.387  1824  3092 D Transition: finishTransition ar ActivityRecord{7c6d549 u0 host.exp.exponent/.experience.ExperienceActivity t2117}, isVisibleRequested=true, state=RESUMED, visibleAtTransitionEndTokens={ActivityRecord{7c6d549 u0 host.exp.exponent/.experience.ExperienceActivity t2117}}, this=TransitionRecord{8887f6b id=3046 track=0 type=OPEN flags=0x0 state=2}
06-17 16:11:02.387  1824  3092 D Transition: finishTransition ar ActivityRecord{e114654 u0 com.android.chrome/org.chromium.chrome.browser.customtabs.CustomTabActivity t2115}, isVisibleRequested=false, state=PAUSED, visibleAtTransitionEndTokens={ActivityRecord{7c6d549 u0 host.exp.exponent/.experience.ExperienceActivity t2117}}, this=TransitionRecord{8887f6b id=3046 track=0 type=OPEN flags=0x0 state=2}
06-17 16:11:02.387  1824  3092 D ActivityTaskManager: commitVisibility: ActivityRecord{e114654 u0 com.android.chrome/org.chromium.chrome.browser.customtabs.CustomTabActivity t2115}: visible=false visibleRequested=false, isInTransition=false, runningAnimation=false 
06-17 16:11:02.387  1824  3092 D WindowManager: NFW_setClientVisible:ActivityRecord{e114654 u0 com.android.chrome/org.chromium.chrome.browser.customtabs.CustomTabActivity t2115} clientVisible:false
06-17 16:11:02.387  1824  3092 I OplusAppSwitchManagerService:  handleAppVisible , r = ActivityRecord{7c6d549 u0 host.exp.exponent/.experience.ExperienceActivity t2117}
06-17 16:11:02.388  1824  3092 D OplusTransitionController: finishTransition, transition: TransitionRecord{8887f6b id=3046 track=0 type=OPEN flags=0x0 state=4}
06-17 16:11:02.389  1824  3092 D TransitionController: NFW_send RECOMPUTE_FOCUS in finishTransition
06-17 16:11:02.389  2459  2512 D ShellTaskOrganizer: onTransitionFinish, isRecent:false
06-17 16:11:02.389  2459  2512 V WindowManagerShell: Track 0 became idle
06-17 16:11:02.398  1824  1824 D MBrainLocalService: isVendorFreezeConditionPass is false
06-17 16:11:02.398  1824  1824 E MBrainLocalService: notifyAppSwitch failed
06-17 16:11:02.399  1824  3092 I WindowManager: Window{2f2a2b9 u0 host.exp.exponent/host.exp.exponent.LauncherActivity} state from READY_TO_SHOW to NO_SURFACE; reason: destroySurface
06-17 16:11:02.404  1824  3092 D DisplayModeDirector: setAppRequest displayId : 0  modeId: 0  requestedRefreshRate: 0.0  requestedMinRefreshRateRange: 0.0  requestedMaxRefreshRateRange: 0.0
06-17 16:11:02.404  1824  3092 I TaskOrganizerController: onTaskInfoChanged taskid 2115 config { mBounds=Rect(0, 0 - 1080, 2412) mAppBounds=Rect(0, 0 - 1080, 2412) mMaxBounds=Rect(0, 0 - 1080, 2412) mDisplayRotation=ROTATION_0 mWindowingMode=fullscreen mActivityType=standard mAlwaysOnTop=undefined mRotation=ROTATION_0}
06-17 16:11:02.404  1824  3092 D OplusFlexibleWindowMinimizedManagerHelper: onTaskInfoChanged taskInfo:TaskInfo{userId=0 taskId=2115 displayId=0 isRunning=false baseIntent=Intent { act=android.intent.action.VIEW dat=https://ykgbfrpkumlnogjdgqgb.supabase.co/... flg=0x5a080000 cmp=com.android.chrome/org.chromium.chrome.browser.customtabs.CustomTabActivity mCallingUid=10144 } baseActivity=null topActivity=null origActivity=null realActivity=ComponentInfo{com.android.chrome/org.chromium.chrome.browser.customtabs.CustomTabActivity} numActivities=0 lastActiveTime=154103140 supportsSplitScreenMultiWindow=true supportsMultiWindow=true supportsPocketStudioMultiWindow=true isInFlexibleEmbedded = false uid = -1 pid = -1 resizeMode=2 isResizeable=true minWidth=-1 minHeight=-1 defaultMinSize=220 token=WCT{RemoteToken{d965652 Task{66876f2 #2115 type=standard A=10144:com.android.chrome}}} topActivityType=1 pictureInPictureParams=null shouldDockBigOverlays=false launchIntoPipHostTaskId=-1 lastParentTaskIdBeforePip=-1 displayCutoutSafeInsets=Rect(0, 107 - 0, 0) topActivityInfo=null launchCookies=[] positionInParent=Point(0, 0) parentTaskId=-1 isFocused=false isVisible=false isVisibleRequested=false isSleeping=false locusId=null displayAreaFeatureId=1 isTopActivityTransparent=false appCompatTaskInfo=AppCompatTaskInfo { topActivityInSizeCompat=false topActivityInOplusCompatMode=false topActivityEligibleForLetterboxEducation= falseisLetterboxEducationEnabled= false isLetterboxDoubleTapEnabled= false topActivityEligibleForUserAspectRatioButton= false topActivityBoundsLetterboxed= false isFromLetterboxDoubleTap= false topActivityLetterboxVerticalPosition= -1 topActivityLetterboxHorizontalPosition= -1 topActivityLetterboxWidth=-1 topActivityLetterboxHeight=-1 isUserFullscreenOverrideEnabled=false isSystemFullscreenOverrideEnabled=false cameraCompatTaskInfo=CameraCompatTaskInfo { cameraCompatControlState=hidden freeformCameraCompatMode=inactive}} topActivityLetterboxInsets=Rect(0, 0 - 0, 0) mOplusExtraBundle = Bundle[{androidx.flexible.taskFrame=Rect(0, 0 - 0, 0), key_flexible_task_state=0, androidx.activity.LaunchScenario=0, androidx.activity.LaunchScale=1.0}]} task:Task{66876f2 #2115 type=standard A=10144:com.android.chrome}
06-17 16:11:02.404  1824  3092 D OplusFlexibleDragToSplitAnimController: visibleFlexibleTaskInfos delete:2115
06-17 16:11:02.405  1824  3092 D WindowManager: NFW_findFocusedWindowIfNeeded:Window{8a2b5f8 u0 host.exp.exponent/host.exp.exponent.experience.ExperienceActivity} mCurrentFocus:Window{8a2b5f8 u0 host.exp.exponent/host.exp.exponent.experience.ExperienceActivity}
06-17 16:11:02.407  1824  2797 D OplusStartingWindowManager: updateRecordSurfaceViewState windowToken = android.os.BinderProxy@7a09f62, surfaceState = false, attachedToWindow = true, inList = false, win = Window{7bfe8f3 u0 com.android.chrome/org.chromium.chrome.browser.customtabs.CustomTabActivity}
06-17 16:11:02.411  1824  1985 I UserAwareMgr: handleAppChangedToBg, pkgName: com.android.chrome, pid: 15614
06-17 16:11:02.412  1824  2417 D WindowManagerServiceExtImpl: extractConfigInfoAndRealFlags rotation=0, screenDp=360, residentWS:0, win=Window{7bfe8f3 u0 com.android.chrome/org.chromium.chrome.browser.customtabs.CustomTabActivity}
06-17 16:11:02.412  1824  2417 V WindowManager: Relayout Window{7bfe8f3 u0 com.android.chrome/org.chromium.chrome.browser.customtabs.CustomTabActivity}: viewVisibility=8, oldvis=0, req=1080x2412, vsysui=
06-17 16:11:02.414  1824  2417 D WindowManager: NFW_findFocusedWindowIfNeeded:Window{8a2b5f8 u0 host.exp.exponent/host.exp.exponent.experience.ExperienceActivity} mCurrentFocus:Window{8a2b5f8 u0 host.exp.exponent/host.exp.exponent.experience.ExperienceActivity}
06-17 16:11:02.416  1824  2417 W UserManagerService: Requested status bar icon for non-badged user 0
06-17 16:11:02.416  1824  2815 W WindowManager: Failed looking up window session=Session{e58c20a 792:u0a10419} callers=com.android.server.wm.WindowManagerService.windowForClientLocked:6799 com.android.server.wm.Session.setOnBackInvokedCallbackInfo:1064 android.view.IWindowSession$Stub.onTransact:1199 
06-17 16:11:02.417  1824  2815 I WindowManager: setOnBackInvokedCallback(): No window state for package:host.exp.exponent
06-17 16:11:02.417  1824  2474 D ActivityTaskManager: removeAppToken: ActivityRecord{48e16dd u0 host.exp.exponent/.LauncherActivity t2116 f}} delayed=false parent=Task{dbe6923 #2116 type=standard A=10419:host.exp.exponent} animating=false Callers=com.android.server.wm.DisplayContent.removeAppToken:1734 com.android.server.wm.ActivityRecord.removeFromHistory:5062 com.android.server.wm.ActivityRecord.destroyed:5148 com.android.server.wm.ActivityClientController.activityDestroyed:337 
06-17 16:11:02.417 15614 15614 D VRI[CustomTabActivity]: relayoutWindow result, sizeChanged:false, surfaceControlChanged:true, transformHintChanged:false, mSurfaceSize:Point(1080, 2412), mLastSurfaceSize:Point(1080, 2412), mWidth:1080, mHeight:2412, requestedWidth:1080, requestedHeight:2412, transformHint:0, installOrientation:0, displayRotation:0, isSurfaceValid:false, attr.flag:-2122252032, tmpFrames:ClientWindowFrames{frame=[0,0][1080,2412] display=[0,0][1080,2412] parentFrame=[0,0][0,0]}, relayoutAsync:false, mSyncSeqId:0
06-17 16:11:02.418  1824  2474 D OplusMirageWindowManagerService: onTaskRemoved displayid:0 taskId:2116 callers:com.android.server.wm.MirageWindowManagerExtImpl.onTaskRemoved:47 com.android.server.wm.TaskDisplayArea.removeChildTask:394 com.android.server.wm.TaskDisplayArea.removeChild:383 com.android.server.wm.WindowContainer.removeImmediately:1017 com.android.server.wm.TaskFragment.removeImmediately:3644 
06-17 16:11:02.418  1824  2474 I OplusScreenSecurityMask: onStackRemoved task = Task{dbe6923 #2116 type=standard A=10419:host.exp.exponent} record = null displayId = 0
06-17 16:11:02.422  1824  1973 D WindowManager: NFW_findFocusedWindowIfNeeded:Window{8a2b5f8 u0 host.exp.exponent/host.exp.exponent.experience.ExperienceActivity} mCurrentFocus:Window{8a2b5f8 u0 host.exp.exponent/host.exp.exponent.experience.ExperienceActivity}
06-17 16:11:02.437  1824  3280 W UserManagerService: Requested status bar icon for non-badged user 0
06-17 16:11:02.437  1824  1985 I UserAwareMgr: fg app status not changed, beforeVisible: true, currentVisible: true
06-17 16:11:02.442  1824  3280 D ActivityTaskManager: Skipping, invisible task: Task{6f9694c #5 type=home I=com.android.launcher/.Launcher}
06-17 16:11:02.442  1824  3280 D ActivityTaskManager: Skipping, invisible task: Task{56aa19b #2068 type=standard A=10159:com.google.android.youtube}
06-17 16:11:02.442  1824  3280 D ActivityTaskManager: pre-Filtered:host.exp.exponent # host.exp.exponent # host.exp.exponent # 
06-17 16:11:02.442  1824  3280 D ActivityTaskManager: after skip size 3
06-17 16:11:02.450  1824  3280 W UserManagerService: Requested status bar icon for non-badged user 0
06-17 16:11:02.528  1824  3280 D CoreBackPreview: Window{7bfe8f3 u0 com.android.chrome/org.chromium.chrome.browser.customtabs.CustomTabActivity}: Setting back callback OnBackInvokedCallbackInfo{mCallback=android.window.IOnBackInvokedCallback$Stub$Proxy@2b15f59, mPriority=-1, mIsAnimationCallback=false}
06-17 16:11:02.582  1824  2474 V ActivityManager: Has totaly same connectionRecord, just reuse it!
06-17 16:11:02.601  1824  3280 V ActivityManager: Has totaly same connectionRecord, just reuse it!
06-17 16:11:02.679  1824  3280 I ActivityManager: Killing 15898:com.android.chrome:sandboxed_process0:org.chromium.content.app.SandboxedProcessService0:1/u0a144i-8999 (adj 0): isolated not needed
06-17 16:11:02.715  1824  2815 I ActivityManager: Death received, pid = 15898, processName = com.android.chrome:sandboxed_process0:org.chromium.content.app.SandboxedProcessService0:1 for thread android.os.BinderProxy@388191b
06-17 16:11:02.719  1824  1970 D DisplayManagerService: Drop pending events for gone uid 90001
06-17 16:11:02.737  1824  3280 E ProcessStats: Executing service ServiceState{57e61d8 org.chromium.content.app.SandboxedProcessService0 pkg=com.android.chrome proc=848412a} without owner
06-17 16:11:02.749  1824  2815 D CommSceneService: my telephony callback proxy invoke method=onTelephonyEventReport
06-17 16:11:02.751  1824  3280 E ProcessStats: Binding service ServiceState{57e61d8 org.chromium.content.app.SandboxedProcessService0 pkg=com.android.chrome proc=848412a} without owner
06-17 16:11:02.752  1824  2815 D CommSceneService: my telephony callback proxy invoke method=onTelephonyEventReport
06-17 16:11:02.753  1824  3280 E ProcessStats: Starting service ServiceState{57e61d8 org.chromium.content.app.SandboxedProcessService0 pkg=com.android.chrome proc=848412a} without owner
06-17 16:11:02.753  1824  3280 E ProcessStats: Binding service ServiceState{57e61d8 org.chromium.content.app.SandboxedProcessService0 pkg=com.android.chrome proc=848412a} without owner
06-17 16:11:02.754  1824  3280 I ActivityManager: Killing 15700:com.android.chrome:sandboxed_process0:org.chromium.content.app.SandboxedProcessService0:0/u0a144i-9000 (adj 0): isolated not needed
06-17 16:11:02.776  1824  3280 W FillResponseEventLogger: Shouldn't be logging AutofillFillRequestReported again for same event
06-17 16:11:02.776  1824  3280 W PresentationStatsEventLogger: Shouldn't be logging AutofillPresentationEventReported again for same event
06-17 16:11:02.776  1824  3280 D AutofillSession: clearPendingIntentLocked
06-17 16:11:02.778  1824  2815 D CoreBackPreview: Window{7bfe8f3 u0 com.android.chrome/org.chromium.chrome.browser.customtabs.CustomTabActivity}: Setting back callback null
06-17 16:11:02.778  1824  3280 W AutofillInlineSuggestionsRequestSession: Never received an InlineSuggestionsRequest from the IME for 1073741824@1963477642
06-17 16:11:02.779  1824  1824 I ServiceConnector.Impl: unbindJobThread: connection = ServiceConnector@514(Intent { act=android.service.autofill.AutofillService cmp=com.google.android.gms/.autofill.service.AutofillService }, user: 0)[Unbinding...]service = null mBinding = false
06-17 16:11:02.779  1824  1824 E ServiceConnector.Impl: Failed to unbind: java.lang.IllegalArgumentException: Service not registered: ServiceConnector@514(Intent { act=android.service.autofill.AutofillService cmp=com.google.android.gms/.autofill.service.AutofillService }, user: 0)[Unbinding...]
06-17 16:11:02.780  1824  1824 I ServiceConnector.Impl: unbindJobThread: connection = ServiceConnector@960(Intent { act=android.service.autofill.AutofillService cmp=com.android.credentialmanager/.autofill.CredentialAutofillService }, user: 0)[Unbinding...]service = null mBinding = false
06-17 16:11:02.780  1824  1824 E ServiceConnector.Impl: Failed to unbind: java.lang.IllegalArgumentException: Service not registered: ServiceConnector@960(Intent { act=android.service.autofill.AutofillService cmp=com.android.credentialmanager/.autofill.CredentialAutofillService }, user: 0)[Unbinding...]
06-17 16:11:02.786  1824  2815 I WindowManager: Window{7bfe8f3 u0 com.android.chrome/org.chromium.chrome.browser.customtabs.CustomTabActivity} state from HAS_DRAWN to NO_SURFACE; reason: destroySurface
06-17 16:11:02.789  1824  2815 D WindowManager: NFW_findFocusedWindowIfNeeded:Window{8a2b5f8 u0 host.exp.exponent/host.exp.exponent.experience.ExperienceActivity} mCurrentFocus:Window{8a2b5f8 u0 host.exp.exponent/host.exp.exponent.experience.ExperienceActivity}
06-17 16:11:02.793  1824  2815 D SnapshotCache: removeRunningEntry id: 2115, callers=com.android.server.wm.SnapshotCache.onAppRemoved:80 com.android.server.wm.AbsAppSnapshotController.onAppRemoved:677 com.android.server.wm.SnapshotController.onAppRemoved:69 
06-17 16:11:02.793  1824  2815 D ActivityTaskManager: removeAppToken: ActivityRecord{e114654 u0 com.android.chrome/org.chromium.chrome.browser.customtabs.CustomTabActivity t2115 f}} delayed=false parent=Task{66876f2 #2115 type=standard A=10144:com.android.chrome} animating=false Callers=com.android.server.wm.DisplayContent.removeAppToken:1734 com.android.server.wm.ActivityRecord.removeFromHistory:5062 com.android.server.wm.ActivityRecord.destroyed:5148 com.android.server.wm.ActivityClientController.activityDestroyed:337 
06-17 16:11:02.794  1824  2474 I ActivityManager: Death received, pid = 15700, processName = com.android.chrome:sandboxed_process0:org.chromium.content.app.SandboxedProcessService0:0 for thread android.os.BinderProxy@6e761fc
06-17 16:11:02.796  1824  2815 D OplusMirageWindowManagerService: onTaskRemoved displayid:0 taskId:2115 callers:com.android.server.wm.MirageWindowManagerExtImpl.onTaskRemoved:47 com.android.server.wm.TaskDisplayArea.removeChildTask:394 com.android.server.wm.TaskDisplayArea.removeChild:383 com.android.server.wm.WindowContainer.removeImmediately:1017 com.android.server.wm.TaskFragment.removeImmediately:3644 
06-17 16:11:02.797  1824  2815 I OplusScreenSecurityMask: onStackRemoved task = Task{66876f2 #2115 type=standard A=10144:com.android.chrome} record = null displayId = 0
06-17 16:11:02.797  1824  2815 D ActivityTaskManager: notifyTaskRemoved, task: Task{66876f2 #2115 type=standard A=10144:com.android.chrome} trace:com.android.server.wm.RecentTasks.remove:1485 com.android.server.wm.Task.cleanUpResourcesForDestroy:779 com.android.server.wm.Task.onParentChanged:1212 com.android.server.wm.WindowContainer.setParent:713 com.android.server.wm.WindowContainer.removeChild:951 
06-17 16:11:02.803  1824  1974 D OplusFlexibleWindowMinimizedManagerHelper: onTaskVanished taskInfo:2115 task:Task{66876f2 #2115 type=standard A=10144:com.android.chrome}
06-17 16:11:02.803  1824  1974 D OplusFlexibleDragToSplitAnimController: visibleFlexibleTaskInfos delete:2115
06-17 16:11:02.803  1824  1974 D FlexibleTaskController: no need releaseFlexibleCaptionView or destroyFlexibleDragLeash when non-caption-view-task vanished, task=Task{66876f2 #2115 type=standard A=10144:com.android.chrome}
06-17 16:11:02.803  1824  1974 D FlexibleWindowManagerService: notifyFlexibleTaskVanish taskId : 2115 is not taskEmbedded
06-17 16:11:02.803  1824  1974 D FlexibleWindowManagerService: onFlexibleWindowTaskVanished: task = 2115,size:0
06-17 16:11:02.803  1824  1974 D OplusFlexibleWindowMinimizedManagerHelper: onTaskVanished taskInfo:2115 task:Task{66876f2 #2115 type=standard A=10144:com.android.chrome}
06-17 16:11:02.803  1824  1974 D OplusFlexibleDragToSplitAnimController: visibleFlexibleTaskInfos delete:2115
06-17 16:11:02.803  1824  1974 D FlexibleTaskController: no need releaseFlexibleCaptionView or destroyFlexibleDragLeash when non-caption-view-task vanished, task=Task{66876f2 #2115 type=standard A=10144:com.android.chrome}
06-17 16:11:02.803  1824  1974 D FlexibleWindowManagerService: notifyFlexibleTaskVanish taskId : 2115 is not taskEmbedded
06-17 16:11:02.803  1824  1974 D FlexibleWindowManagerService: onFlexibleWindowTaskVanished: task = 2115,size:0
06-17 16:11:02.804  1824  1970 D DisplayManagerService: Drop pending events for gone uid 90000
06-17 16:11:03.111  1824  2815 D UsageStatsService: User[0] type=0 b=1781689267436 e=1781692863100 cb=1781608226026 ce=1781692862793 disk=0 all=955
06-17 16:11:03.647  1824  3205 D ActivityTaskManager: Skipping, invisible task: Task{6f9694c #5 type=home I=com.android.launcher/.Launcher}
06-17 16:11:03.647  1824  3205 D ActivityTaskManager: Skipping, invisible task: Task{56aa19b #2068 type=standard A=10159:com.google.android.youtube}
06-17 16:11:03.647  1824  3205 D ActivityTaskManager: pre-Filtered:host.exp.exponent # host.exp.exponent # host.exp.exponent # 
06-17 16:11:03.647  1824  3205 D ActivityTaskManager: after skip size 3
06-17 16:11:03.662  1824  3205 E OplusAthenaAm: AthenaAmManagerInternal transact code hello:6,flags:0
06-17 16:11:03.662  1824  3205 E OplusAthenaAm: AthenaAmManagerInternal transact code hello:7,flags:0
06-17 16:11:03.670  1824  3205 E OplusAthenaAm: AthenaAmManagerInternal transact code hello:4,flags:0
06-17 16:11:03.670  1824  3205 E OplusAthenaAm: AthenaAmManagerInternal transact code hello:4,flags:0
06-17 16:11:03.670  1824  3205 E OplusAthenaAm: AthenaAmManagerInternal transact code hello:4,flags:0
06-17 16:11:03.870  1824  3280 D IntervalStats: Unable to parse usage stats packages: [1, 68, 97, 351, 369, 382, 392, 610, 814, 879, 1168, 1230, 1233, 1336, 1382, 1386, 1387, 1391, 1395, 1400, 1401, 1402, 1403, 1404, 1407, 1430, 1441, 1443, 1447, 1449, 1456, 1459, 1461, 1469, 1470, 1473, 1474, 1478, 1485, 1486, 1488, 1489, 1490, 1491, 1506, 1519, 1547, 1549, 1550, 1553, 1554, 1555, 1558, 1561, 1564, 1566, 1569, 1573, 1584, 1598, 1601, 1602, 1604, 1605, 1607, 1608, 1612, 1613, 1615, 1617, 1620, 1622, 1623, 1624, 1625, 1628, 1630, 1631, 1635, 1636, 1637, 1639, 1640, 1643, 1644, 1646, 1647, 1648, 1649, 1650, 1651, 1652, 1653, 1654, 1655, 1659, 1660, 1662, 1663, 1664, 1675, 1679, 1681, 1682, 1684, 1685, 1690, 1696, 1698, 1701, 1702, 1704, 1705, 1708, 1709, 1710, 1714, 1715, 1725, 1732, 1746, 1756, 1766, 1776, 1778, 1789, 1803, 1812, 1817, 1822, 1826, 1835, 1836, 1837, 1838, 1839, 1840, 1841, 1842, 1843, 1844, 1845, 1846, 1847, 1864, 1866, 1875, 1881, 1882, 1887, 1888, 1896, 1898, 1900, 1903, 1905, 1915, 1916, 1917, 1919, 1928, 1931, 1932, 1933, 1936, 1937, 1938, 1939, 1940, 1941, 1943, 1944, 1945, 1946, 1949, 1950, 1951, 1953, 1954, 1956, 1957, 1958, 1959, 1963, 1964, 1968, 1970, 1972, 1976, 1977, 1978]
06-17 16:11:03.872  1824  3280 D UsageStatsService: User[0] type=3 b=0 e=9223372036854775807 cb=1781175908073 ce=1781692862793 disk=464 all=908
06-17 16:11:03.877  1824  2013 D OplusFeatureHDREnhanceBrightness: setAnimating : displayId[0]=false
06-17 16:11:03.877  1824  2013 D OplusFeatureReduceBrightness: setAnimating : animating = false
06-17 16:11:03.877  1824  2013 D OplusFeatureEdrEnhanceBrightness: setAnimating: false
06-17 16:11:03.877  1824  2013 D OplusFeaturePwEdrEnhanceBrightness: setAnimating: false
06-17 16:11:03.877  1824  2013 D RampAnimatorExtImpl: onAnimationEnd id[0]=[true,0],changed=[3477->3477->3515],duration:2247,phaseCounts=[0, 0, 0]
06-17 16:11:03.877  1824  2013 D OplusSmartBrightnessController: setUAD: isRequest=false, event=1008, ret=true
06-17 16:11:03.877  1824  1985 W UserAwareMgr: event can not be released, id: 1008, count: 2, releasePid: 1824
06-17 16:11:03.877  1824  2013 D OplusSmartBrightnessController: setUAD: isRequest=false, event=1008, ret=true
06-17 16:11:03.878  1824  2013 I OplusSmartBrightnessController: handleBrightnessTotalRateType displayId[0]=app->automatic
06-17 16:11:03.983  1824  3280 D UsageStatsService: User[0] type=0 b=1781689272860 e=1781692863970 cb=1781608226026 ce=1781692862793 disk=0 all=953
06-17 16:11:06.126  1824  1988 D ProcessCpuTrackerExtImpl: mContext is already set, return now! 
06-17 16:11:06.192  1824  2474 D ActivityManager: freezer override set to true
06-17 16:11:06.208  1824  2474 D ActivityManager: freezer override set to false
06-17 16:11:06.216  1824  1824 D MBrainLocalService: isVendorFreezeConditionPass is false
06-17 16:11:06.216  1824  1824 D MBrainLocalService: notifyNetworkChange failed
06-17 16:11:06.461  1824  5364 D UsageStatsService: User[0] type=0 b=1781692731782 e=1781692866457 cb=1781608226026 ce=1781692862793 disk=0 all=48
06-17 16:11:07.657  1824  3280 W PackageManager: package com.android.vending uid 10106 pid 15725 call SetEnabledSetting(com.android.vending component = com.android.vending.AssetBrowserActivity, 1, 0)
06-17 16:11:07.710  1824  3092 W PackageManager: package com.android.vending uid 10106 pid 15725 call SetEnabledSetting(com.android.vending component = com.google.android.finsky.wearsupport.WearSupportService, 2, 0)
06-17 16:11:07.713  1824  2766 W PackageManager: package com.android.vending uid 10106 pid 15725 call SetEnabledSetting(com.android.vending component = com.google.android.finsky.wearsupport.WearChangeListenerService, 2, 0)
06-17 16:11:07.867  1824  2766 D CommSceneService: my telephony callback proxy invoke method=onTelephonyEventReport
06-17 16:11:07.987  1824  1989 I ActivityManager: Start proc 16036:com.android.vending:background/u0a106 for service {com.android.vending/com.google.frameworks.client.data.android.server.play.BackgroundProcessEndpointService}
06-17 16:11:08.024  1824  2474 D ActivityTaskManagerServiceExtImpl: preBindApplication record is null
06-17 16:11:08.189 16036 16036 D ResourcesManagerExtImpl: applyConfigurationToAppResourcesLocked app.getDisplayId() return callback.displayId:-1
06-17 16:11:08.402  1824  2766 I ActivityManager: Flag disabled. Ignoring finishAttachApplication from uid: 10106. pid: 16036
06-17 16:11:08.402  1824  2198 D PowerManagerService: userActivityNoUpdateLocked: groupId=0, eventTime=93071159, event=touch, flags=0x0, uid=1000
06-17 16:11:08.407  1824  2766 I OplusJoystickManager: read game pad state for game manager -> false
06-17 16:11:08.407  1824  2766 W OplusJoystickManager: mInterceptGamepadKey is false
06-17 16:11:08.407  1824  2766 D OplusCustomizeRestrictionManagerService: isLongPressVolumeUpDisabled start
06-17 16:11:08.408  1824  2766 E OplusCustomizeRestrictionManagerService: isTaskButtonDisabled start
06-17 16:11:08.408  1824  2766 D StrategyBlackscreenshot: notifyKeyBeforeQueueing, event=KeyEvent { action=ACTION_DOWN, keyCode=KEYCODE_APP_SWITCH, scanCode=0, metaState=0, flags=0x48, repeatCount=0, eventTime=93071163000000, downTime=93071163000000, deviceId=-1, source=0x101, displayId=0 }, interactive=true
06-17 16:11:08.408  1824  2198 D PowerManagerService: userActivityNoUpdateLocked: groupId=0, eventTime=93071163, event=button, flags=0x0, uid=1000
06-17 16:11:08.409  1824  2198 D OplusCustomizeRestrictionManagerService: isLongPressVolumeUpDisabled start
06-17 16:11:08.425  1824  2766 I OplusJoystickManager: read game pad state for game manager -> false
06-17 16:11:08.425  1824  2766 W OplusJoystickManager: mInterceptGamepadKey is false
06-17 16:11:08.425  1824  2766 D OplusCustomizeRestrictionManagerService: isLongPressVolumeUpDisabled start
06-17 16:11:08.425  1824  2766 D StrategyBlackscreenshot: notifyKeyBeforeQueueing, event=KeyEvent { action=ACTION_UP, keyCode=KEYCODE_APP_SWITCH, scanCode=0, metaState=0, flags=0x48, repeatCount=0, eventTime=93071184000000, downTime=93071163000000, deviceId=-1, source=0x101, displayId=0 }, interactive=true
06-17 16:11:08.425  1824  2198 D OplusCustomizeRestrictionManagerService: isLongPressVolumeUpDisabled start
06-17 16:11:08.433  1824  3092 D OplusAppQuickStart_AppQuickStartController: notifyStartActivity intent:Intent { act=android.intent.action.MAIN cat=[android.intent.category.HOME] flg=0x10000000 pkg=com.android.launcher cmp=com.android.launcher/.Launcher (has extras) }, function disable
06-17 16:11:08.434  1824  2417 D ActivityTaskManager: Skipping, invisible task: Task{6f9694c #5 type=home I=com.android.launcher/.Launcher}
06-17 16:11:08.434  1824  2417 D ActivityTaskManager: Skipping, invisible task: Task{56aa19b #2068 type=standard A=10159:com.google.android.youtube}
06-17 16:11:08.434  1824  2417 D ActivityTaskManager: pre-Filtered:host.exp.exponent # host.exp.exponent # host.exp.exponent # 
06-17 16:11:08.434  1824  2417 D ActivityTaskManager: after skip size 3
06-17 16:11:08.435  1824  3092 W ActivityStartInterceptor: Starting home with component specified, uid=10197
06-17 16:11:08.436  1824  3092 D WindowManager: NFW_setClientVisible:ActivityRecord{90a57db u0 com.android.launcher/.Launcher clientVisible:true
06-17 16:11:08.437  1824  3092 D FlexibleTaskController: isSupportFlexibleWindow target = com.android.launcher/.Launcher callPkg = FlexibleTaskController support = false ,caller = 1824
06-17 16:11:08.437  1824  3092 D FlexibleWindowManagerService: isIgnoreAppearedAcrossTask:false
06-17 16:11:08.437  1824  3092 D ActivityStarterExtImpl: setForceUpdateWindow, targetTask = Task{6f9694c #5 type=home I=com.android.launcher/.Launcher} r = ActivityRecord{90a57db u0 com.android.launcher/.Launcher t-1} notFinish =true
06-17 16:11:08.437  1824  3092 D FlexibleWindowManagerService: isIgnoreAppearedAcrossTask:false
06-17 16:11:08.437  1824  3092 D FlexibleTaskController: adjustOptionsForFlexibleTask skip adjust options reason:1
06-17 16:11:08.437  1824  3092 I TaskFragmentExtImpl: reset pause in recents anim for mTaskFragment: Task{6f9694c #5 type=home I=com.android.launcher/.Launcher}
06-17 16:11:08.438  1824  3092 D FlexibleTaskController: isSupportFlexibleWindow target = com.android.launcher/.Launcher callPkg = FlexibleTaskController support = false ,caller = 1824
06-17 16:11:08.438  1824  3092 D FlexibleTaskController: shouldKeepFlexibleTask flexibleTask not active.
06-17 16:11:08.438  1824  3092 D BackgroundActivityStartControllerExtImpl: The realCallingUid is home, start activity from background is allowed.
06-17 16:11:08.438  1824  3092 D ActivityStarterExtImpl: isLaunchingRootActivity = true
06-17 16:11:08.439  1824  3092 D ActivityTaskManager: isSnapshotCompatible: w=1080, h=2412, taskSize=Point(1080, 2412)
06-17 16:11:08.439  1824  3092 D ActivityTaskManager: validateStartingWindowTheme:  Pkg=com.android.launcher, Translucent=false, Floating=false, ShowWallpaper=true, Disable=false, LaunchSource=2
06-17 16:11:08.439  1824  3092 D ActivityTaskManager: addStartingWindow for ActivityRecord{296b125 u0 com.android.launcher/.Launcher t5}, mainWin=Window{a94e4fd u0 com.android.launcher/com.android.launcher.Launcher}, mVisible=false, mVisibleRequested=false, drawn=false, mDestroying=false, state=STOPPED, isKeyguardLocked=false, isKeyguardGoingAway=false
06-17 16:11:08.439  1824  3092 D ActivityTaskManager: getStartingWindowType: , newTask=false, taskSwitch=true, processRunning=true, allowTaskSnapshot=false, activityCreated=true, activityAllDrawn=false, snapshot exist: true
06-17 16:11:08.439  1824  3092 D ActivityRecordExtImpl: handleStartingWindowForCompactWindow origin type:0, adjustType : 0
06-17 16:11:08.442  1824  3092 D ActivityTaskManager: setAppVisibility(Token{fdf907c ActivityRecord{7c6d549 u0 host.exp.exponent/.experience.ExperienceActivity t2117}}, visible=false): mNextAppTransitionRequests=[], mNextAppTransitionFlags=,mAppTransitionState=APP_STATE_IDLE visible=true mVisibleRequested=true
06-17 16:11:08.443  1824  3092 D ActivityTaskManager: setVisibility(Token{fdf907c ActivityRecord{7c6d549 u0 host.exp.exponent/.experience.ExperienceActivity t2117}}, visible=false) defer commitVisibility for transition collecting
06-17 16:11:08.443  1824  3092 D RefreshRate: don't do app switch boost,arDisplayId:0 mDisplayId:0 currentSettingMode:2 hasAppSwitchBoostPriority:false is supportRefreshRateSwitch:true
06-17 16:11:08.443  1824  3092 D ActivityTaskManager: setAppVisibility(Token{30f2d95 ActivityRecord{296b125 u0 com.android.launcher/.Launcher t5}}, visible=true): mNextAppTransitionRequests=[], mNextAppTransitionFlags=,mAppTransitionState=APP_STATE_IDLE visible=false mVisibleRequested=false
06-17 16:11:08.444  1824  3092 D WindowManager: NFW_setClientVisible:ActivityRecord{296b125 u0 com.android.launcher/.Launcher t5} clientVisible:true
06-17 16:11:08.444  1824  3092 D ActivityTaskManager: setVisibility(Token{30f2d95 ActivityRecord{296b125 u0 com.android.launcher/.Launcher t5}}, visible=true) defer commitVisibility for transition collecting
06-17 16:11:08.444  1824  3092 D ActivityTaskManager: onWindowFocusChanged Task{6f9694c #5 type=home I=com.android.launcher/.Launcher} would transfer to compact
06-17 16:11:08.444  1824  1985 I UserAwareMgr: handleTopAppChanged: com.android.launcher, pid: 2638, uid: 10197
06-17 16:11:08.444  1824  3092 D ActivityTaskManager: NFW_setLastResumedActivityUncheckLocked:true r:ActivityRecord{296b125 u0 com.android.launcher/.Launcher t5} currentFocus:Window{8a2b5f8 u0 host.exp.exponent/host.exp.exponent.experience.ExperienceActivity}
06-17 16:11:08.444  1824  3092 D WindowManager: NFW_findFocusedWindowIfNeeded:null mCurrentFocus:Window{8a2b5f8 u0 host.exp.exponent/host.exp.exponent.experience.ExperienceActivity}
06-17 16:11:08.445  1824  3092 V WindowManager: Changing focus from Window{8a2b5f8 u0 host.exp.exponent/host.exp.exponent.experience.ExperienceActivity} to null,diplayid=0
06-17 16:11:08.445  1824  3092 D FlexibleTaskController: onTaskFocusChanged prevTask:Task{ae97b6f #2117 type=standard A=10419:host.exp.exponent} ,currentTask:Task{6f9694c #5 type=home I=com.android.launcher/.Launcher}, reason: resumeTopActivity - onActivityStateChanged
06-17 16:11:08.445  1824  3092 D OplusFlexibleDCSManager: onNextPkgChanged pkg = com.android.launcher
06-17 16:11:08.446  1824  3092 D WindowManager: rotation(ROTATION_0) no changed  displayId = 0, lastOrientation = 5
06-17 16:11:08.449  2459  2512 V WindowManagerShell: Transition requested (#3047): android.os.BinderProxy@e5b92c4 TransitionRequestInfo { type = OPEN, triggerTask = TaskInfo{userId=0 taskId=5 displayId=0 isRunning=true baseIntent=Intent { act=android.intent.action.MAIN cat=[android.intent.category.HOME] flg=0x10000100 cmp=com.android.launcher/.Launcher mCallingUid=1000 } baseActivity=ComponentInfo{com.android.launcher/com.android.launcher.Launcher} topActivity=ComponentInfo{com.android.launcher/com.android.launcher.Launcher} origActivity=null realActivity=ComponentInfo{com.android.launcher/com.android.launcher.Launcher} numActivities=1 lastActiveTime=154109987 supportsSplitScreenMultiWindow=false supportsMultiWindow=true supportsPocketStudioMultiWindow=false isInFlexibleEmbedded = false uid = 10197 pid = 2638 resizeMode=2 isResizeable=true minWidth=-1 minHeight=-1 defaultMinSize=220 token=WCT{android.window.IWindowContainerToken$Stub$Proxy@b4d65ad} topActivityType=2 pictureInPictureParams=null shouldDockBigOverlays=false launchIntoPipHostTaskId=-1 lastParentTaskIdBeforePip=-1 displayCutoutSafeInsets=null topActivityInfo=ActivityInfo{5bd30e2 com.android.launcher.Launcher} launchCookies=[] positionInParent=Point(0, 0) parentTaskId=-1 isFocused=true isVisible=false isVisibleRequested=true isSleeping=false locusId=LocusId[17_chars] displayAreaFeatureId=1 isTopActivityTransparent=false appCompatTaskInfo=AppCompatTaskInfo { topActivityInSizeCompat=false topActivityInOplusCompatMode=false topActivityEligibleForLetterboxEducation= falseisLetterboxEducationEnabled= false isLetterboxDoubleTapEnabled= false topActivityEligibleForUserAspectRatioButton= false topActivityBoundsLetterboxed= false isFromLetterboxDoubleTap= false topActivityLetterboxVerticalPosition= -1 topActivityLetterboxHorizontalPosition= -1 topActivityLetterboxWidth=1080 topActivityLetterboxHeight=2412 isUserFullscreenOverrideEnabled=false isSystemFullscreenOverrideEnabled=false cameraCompatTaskInfo=CameraCompatTaskInfo { cameraCompatControlState=hidden freeformCameraCompatMode=inactive}} topActivityLetterboxInsets=Rect(0, 0 - 0, 0) mOplusExtraBundle = Bundle[mParcelledData.dataSize=348]}, pipTask = null, remoteTransition = RemoteTransition { remoteTransition = android.window.IRemoteTransition$Stub$Proxy@73edc73, recentAnimRunner = null, appThread = android.app.IApplicationThread$Stub$Proxy@e11730, debugName = AnimationProvider }, displayChange = null, flags = 0, debugId = 3047 }
06-17 16:11:08.449  2459  2512 V WindowManagerShell: RemoteTransition directly requested for (#3047) android.os.BinderProxy@e5b92c4: RemoteTransition { remoteTransition = android.window.IRemoteTransition$Stub$Proxy@73edc73, recentAnimRunner = null, appThread = android.app.IApplicationThread$Stub$Proxy@e11730, debugName = AnimationProvider }
06-17 16:11:08.449  1824  3092 I TaskOrganizerController: onTaskInfoChanged taskid 2117 config { mBounds=Rect(0, 0 - 1080, 2412) mAppBounds=Rect(0, 0 - 1080, 2412) mMaxBounds=Rect(0, 0 - 1080, 2412) mDisplayRotation=ROTATION_0 mWindowingMode=fullscreen mActivityType=standard mAlwaysOnTop=undefined mRotation=ROTATION_0}
06-17 16:11:08.450  1824  3092 D OplusFlexibleWindowMinimizedManagerHelper: onTaskInfoChanged taskInfo:TaskInfo{userId=0 taskId=2117 displayId=0 isRunning=true baseIntent=Intent { flg=0x1c080000 cmp=host.exp.exponent/.experience.ExperienceActivity mCallingUid=10419 } baseActivity=ComponentInfo{host.exp.exponent/host.exp.exponent.experience.ExperienceActivity} topActivity=ComponentInfo{host.exp.exponent/host.exp.exponent.experience.ExperienceActivity} origActivity=null realActivity=ComponentInfo{host.exp.exponent/host.exp.exponent.experience.ExperienceActivity} numActivities=1 lastActiveTime=154109981 supportsSplitScreenMultiWindow=true supportsMultiWindow=true supportsPocketStudioMultiWindow=true isInFlexibleEmbedded = false uid = 10419 pid = 792 resizeMode=1 isResizeable=true minWidth=-1 minHeight=-1 defaultMinSize=220 token=WCT{RemoteToken{f32e1e5 Task{ae97b6f #2117 type=standard A=10419:host.exp.exponent}}} topActivityType=1 pictureInPictureParams=null shouldDockBigOverlays=false launchIntoPipHostTaskId=-1 lastParentTaskIdBeforePip=-1 displayCutoutSafeInsets=Rect(0, 107 - 0, 0) topActivityInfo=ActivityInfo{6a7306a host.exp.exponent.experience.ExperienceActivity} launchCookies=[] positionInParent=Point(0, 0) parentTaskId=-1 isFocused=false isVisible=true isVisibleRequested=false isSleeping=false locusId=null displayAreaFeatureId=1 isTopActivityTransparent=false appCompatTaskInfo=AppCompatTaskInfo { topActivityInSizeCompat=false topActivityInOplusCompatMode=false topActivityEligibleForLetterboxEducation= falseisLetterboxEducationEnabled= false isLetterboxDoubleTapEnabled= false topActivityEligibleForUserAspectRatioButton= false topActivityBoundsLetterboxed= false isFromLetterboxDoubleTap= false topActivityLetterboxVerticalPosition= -1 topActivityLetterboxHorizontalPosition= -1 topActivityLetterboxWidth=1080 topActivityLetterboxHeight=2412 isUserFullscreenOverrideEnabled=false isSystemFullscreenOverrideEnabled=false cameraCompatTaskInfo=CameraCompatTaskInfo { cameraCompatControlState=hidden freeformCameraCompatMode=inactive}} topActivityLetterboxInsets=Rect(0, 0 - 0, 0) mOplusExtraBundle = Bundle[{androidx.flexible.taskFrame=Rect(0, 0 - 0, 0), key_flexible_task_state=0, androidx.activity.LaunchScenario=0, androidx.activity.LaunchScale=1.0}]} task:Task{ae97b6f #2117 type=standard A=10419:host.exp.exponent}
06-17 16:11:08.450  1824  3092 D OplusFlexibleDragToSplitAnimController: visibleFlexibleTaskInfos delete:2117
06-17 16:11:08.450  1824  3092 I TaskOrganizerController: onTaskInfoChanged taskid 1 config { mBounds=Rect(0, 0 - 1080, 2412) mAppBounds=Rect(0, 0 - 1080, 2412) mMaxBounds=Rect(0, 0 - 1080, 2412) mDisplayRotation=ROTATION_0 mWindowingMode=fullscreen mActivityType=home mAlwaysOnTop=undefined mRotation=ROTATION_0}
