
> components/parallax-scroll-view.tsx(44,48): error TS2345: Argument of type '() => { transform: ({ translateY: 
number; scale?: undefined; } | { scale: number; translateY?: undefined; })[]; }' is not assignable to parameter of 
type '() => DefaultStyle'.
    Type '{ transform: ({ translateY: number; scale?: undefined; } | { scale: number; translateY?: undefined; })[]; }' 
is not assignable to type 'DefaultStyle'.
> supabase/functions/astro-details/index.ts(3,23): error TS2307: Cannot find module 
'https://deno.land/std@0.168.0/http/server.ts' or its corresponding type declarations.
> supabase/functions/astro-details/index.ts(19,27): error TS2304: Cannot find name 'Deno'.
> supabase/functions/delete-user-account/index.ts(1,23): error TS2307: Cannot find module 
'https://deno.land/std@0.168.0/http/server.ts' or its corresponding type declarations.
> supabase/functions/delete-user-account/index.ts(2,30): error TS2307: Cannot find module 
'https://esm.sh/@supabase/supabase-js@2.21.0' or its corresponding type declarations.
> supabase/functions/delete-user-account/index.ts(17,25): error TS2304: Cannot find name 'Deno'.
> supabase/functions/delete-user-account/index.ts(18,29): error TS2304: Cannot find name 'Deno'.
> supabase/functions/delete-user-account/index.ts(19,36): error TS2304: Cannot find name 'Deno'.
> supabase/functions/gemini-chat/index.ts(1,23): error TS2307: Cannot find module 
'https://deno.land/std@0.168.0/http/server.ts' or its corresponding type declarations.
> supabase/functions/gemini-chat/index.ts(28,28): error TS2304: Cannot find name 'Deno'.
> supabase/functions/gemini-chat/index.ts(28,74): error TS2304: Cannot find name 'Deno'.
> supabase/functions/razorpay-webhook/index.ts(1,23): error TS2307: Cannot find module 
'https://deno.land/std@0.168.0/http/server.ts' or its corresponding type declarations.
> supabase/functions/razorpay-webhook/index.ts(17,27): error TS2304: Cannot find name 'Deno'.


